	.text
	.syntax unified
	.eabi_attribute	67, "2.09"	@ Tag_conformance
	.cpu	cortex-m33
	.eabi_attribute	6, 17	@ Tag_CPU_arch
	.eabi_attribute	7, 77	@ Tag_CPU_arch_profile
	.eabi_attribute	8, 0	@ Tag_ARM_ISA_use
	.eabi_attribute	9, 3	@ Tag_THUMB_ISA_use
	.fpu	fpv5-sp-d16
	.eabi_attribute	27, 1	@ Tag_ABI_HardFP_use
	.eabi_attribute	36, 1	@ Tag_FP_HP_extension
	.eabi_attribute	46, 1	@ Tag_DSP_extension
	.eabi_attribute	34, 1	@ Tag_CPU_unaligned_access
	.eabi_attribute	17, 1	@ Tag_ABI_PCS_GOT_use
	.eabi_attribute	20, 2	@ Tag_ABI_FP_denormal
	.eabi_attribute	21, 0	@ Tag_ABI_FP_exceptions
	.eabi_attribute	23, 1	@ Tag_ABI_FP_number_model
	.eabi_attribute	24, 1	@ Tag_ABI_align_needed
	.eabi_attribute	25, 1	@ Tag_ABI_align_preserved
	.eabi_attribute	28, 1	@ Tag_ABI_VFP_args
	.eabi_attribute	38, 1	@ Tag_ABI_FP_16bit_format
	.eabi_attribute	18, 2	@ Tag_ABI_PCS_wchar_t
	.eabi_attribute	26, 1	@ Tag_ABI_enum_size
	.eabi_attribute	14, 0	@ Tag_ABI_PCS_R9_use
	.file	"LED_V2M-MPS2.c"
	.file	1 "C:\\Users\\aj4775\\AppData\\Local\\Keil_v5\\ARM\\ARMCLANG\\bin\\..\\include" "stdint.h"
	.file	2 "C:/Users/aj4775/AppData/Local/arm/packs/Keil/V2M-MPS2_IOTKit_BSP/1.5.2/Device/Common/Include" "SMM_MPS2.h"
	.section	.text.LED_Initialize,"ax",%progbits
	.hidden	LED_Initialize                  @ -- Begin function LED_Initialize
	.globl	LED_Initialize
	.p2align	2
	.type	LED_Initialize,%function
	.code	16                              @ @LED_Initialize
	.thumb_func
LED_Initialize:
.Lfunc_begin0:
	.file	3 "C:/Users/aj4775/AppData/Local/arm/packs/Keil/V2M-MPS2_IOTKit_BSP/1.5.2/Boards/ARM/V2M-MPS2/Common" "LED_V2M-MPS2.c"
	.loc	3 68 0                          @ C:/Users/aj4775/AppData/Local/arm/packs/Keil/V2M-MPS2_IOTKit_BSP/1.5.2/Boards/ARM/V2M-MPS2/Common/LED_V2M-MPS2.c:68:0
	.fnstart
	.cfi_sections .debug_frame
	.cfi_startproc
@ %bb.0:
	movs	r1, #4
	movt	r1, #16432
	movs	r0, #0
.Ltmp0:
	.loc	3 76 12 prologue_end            @ C:/Users/aj4775/AppData/Local/arm/packs/Keil/V2M-MPS2_IOTKit_BSP/1.5.2/Boards/ARM/V2M-MPS2/Common/LED_V2M-MPS2.c:76:12
	str	r0, [r1]
	.loc	3 78 3                          @ C:/Users/aj4775/AppData/Local/arm/packs/Keil/V2M-MPS2_IOTKit_BSP/1.5.2/Boards/ARM/V2M-MPS2/Common/LED_V2M-MPS2.c:78:3
	bx	lr
.Ltmp1:
.Lfunc_end0:
	.size	LED_Initialize, .Lfunc_end0-LED_Initialize
	.cfi_endproc
	.cantunwind
	.fnend
                                        @ -- End function
	.section	.text.LED_Uninitialize,"ax",%progbits
	.hidden	LED_Uninitialize                @ -- Begin function LED_Uninitialize
	.globl	LED_Uninitialize
	.p2align	2
	.type	LED_Uninitialize,%function
	.code	16                              @ @LED_Uninitialize
	.thumb_func
LED_Uninitialize:
.Lfunc_begin1:
	.loc	3 88 0                          @ C:/Users/aj4775/AppData/Local/arm/packs/Keil/V2M-MPS2_IOTKit_BSP/1.5.2/Boards/ARM/V2M-MPS2/Common/LED_V2M-MPS2.c:88:0
	.fnstart
	.cfi_startproc
@ %bb.0:
	movs	r0, #0
.Ltmp2:
	.loc	3 90 3 prologue_end             @ C:/Users/aj4775/AppData/Local/arm/packs/Keil/V2M-MPS2_IOTKit_BSP/1.5.2/Boards/ARM/V2M-MPS2/Common/LED_V2M-MPS2.c:90:3
	bx	lr
.Ltmp3:
.Lfunc_end1:
	.size	LED_Uninitialize, .Lfunc_end1-LED_Uninitialize
	.cfi_endproc
	.cantunwind
	.fnend
                                        @ -- End function
	.section	.text.LED_On,"ax",%progbits
	.hidden	LED_On                          @ -- Begin function LED_On
	.globl	LED_On
	.p2align	2
	.type	LED_On,%function
	.code	16                              @ @LED_On
	.thumb_func
LED_On:
.Lfunc_begin2:
	.loc	3 101 0                         @ C:/Users/aj4775/AppData/Local/arm/packs/Keil/V2M-MPS2_IOTKit_BSP/1.5.2/Boards/ARM/V2M-MPS2/Common/LED_V2M-MPS2.c:101:0
	.fnstart
	.cfi_startproc
@ %bb.0:
	.pad	#4
	sub	sp, #4
	.cfi_def_cfa_offset 4
	str	r0, [sp]
.Ltmp4:
	.loc	3 103 7 prologue_end            @ C:/Users/aj4775/AppData/Local/arm/packs/Keil/V2M-MPS2_IOTKit_BSP/1.5.2/Boards/ARM/V2M-MPS2/Common/LED_V2M-MPS2.c:103:7
	ldr	r0, [sp]
.Ltmp5:
	.loc	3 103 7 is_stmt 0               @ C:/Users/aj4775/AppData/Local/arm/packs/Keil/V2M-MPS2_IOTKit_BSP/1.5.2/Boards/ARM/V2M-MPS2/Common/LED_V2M-MPS2.c:103:7
	cmp	r0, #7
	bhi	.LBB2_2
	b	.LBB2_1
.LBB2_1:
.Ltmp6:
	.loc	3 104 25 is_stmt 1              @ C:/Users/aj4775/AppData/Local/arm/packs/Keil/V2M-MPS2_IOTKit_BSP/1.5.2/Boards/ARM/V2M-MPS2/Common/LED_V2M-MPS2.c:104:25
	ldr	r1, [sp]
	movs	r0, #1
	.loc	3 104 22 is_stmt 0              @ C:/Users/aj4775/AppData/Local/arm/packs/Keil/V2M-MPS2_IOTKit_BSP/1.5.2/Boards/ARM/V2M-MPS2/Common/LED_V2M-MPS2.c:104:22
	lsl.w	r2, r0, r1
	movs	r1, #4
	movt	r1, #16432
	.loc	3 104 14                        @ C:/Users/aj4775/AppData/Local/arm/packs/Keil/V2M-MPS2_IOTKit_BSP/1.5.2/Boards/ARM/V2M-MPS2/Common/LED_V2M-MPS2.c:104:14
	ldr	r0, [r1]
	orrs	r0, r2
	str	r0, [r1]
	.loc	3 105 3 is_stmt 1               @ C:/Users/aj4775/AppData/Local/arm/packs/Keil/V2M-MPS2_IOTKit_BSP/1.5.2/Boards/ARM/V2M-MPS2/Common/LED_V2M-MPS2.c:105:3
	b	.LBB2_2
.Ltmp7:
.LBB2_2:
	.loc	3 0 3 is_stmt 0                 @ C:/Users/aj4775/AppData/Local/arm/packs/Keil/V2M-MPS2_IOTKit_BSP/1.5.2/Boards/ARM/V2M-MPS2/Common/LED_V2M-MPS2.c:0:3
	movs	r0, #0
	.loc	3 107 3 epilogue_begin is_stmt 1 @ C:/Users/aj4775/AppData/Local/arm/packs/Keil/V2M-MPS2_IOTKit_BSP/1.5.2/Boards/ARM/V2M-MPS2/Common/LED_V2M-MPS2.c:107:3
	add	sp, #4
	bx	lr
.Ltmp8:
.Lfunc_end2:
	.size	LED_On, .Lfunc_end2-LED_On
	.cfi_endproc
	.cantunwind
	.fnend
                                        @ -- End function
	.section	.text.LED_Off,"ax",%progbits
	.hidden	LED_Off                         @ -- Begin function LED_Off
	.globl	LED_Off
	.p2align	2
	.type	LED_Off,%function
	.code	16                              @ @LED_Off
	.thumb_func
LED_Off:
.Lfunc_begin3:
	.loc	3 118 0                         @ C:/Users/aj4775/AppData/Local/arm/packs/Keil/V2M-MPS2_IOTKit_BSP/1.5.2/Boards/ARM/V2M-MPS2/Common/LED_V2M-MPS2.c:118:0
	.fnstart
	.cfi_startproc
@ %bb.0:
	.pad	#4
	sub	sp, #4
	.cfi_def_cfa_offset 4
	str	r0, [sp]
.Ltmp9:
	.loc	3 120 7 prologue_end            @ C:/Users/aj4775/AppData/Local/arm/packs/Keil/V2M-MPS2_IOTKit_BSP/1.5.2/Boards/ARM/V2M-MPS2/Common/LED_V2M-MPS2.c:120:7
	ldr	r0, [sp]
.Ltmp10:
	.loc	3 120 7 is_stmt 0               @ C:/Users/aj4775/AppData/Local/arm/packs/Keil/V2M-MPS2_IOTKit_BSP/1.5.2/Boards/ARM/V2M-MPS2/Common/LED_V2M-MPS2.c:120:7
	cmp	r0, #7
	bhi	.LBB3_2
	b	.LBB3_1
.LBB3_1:
.Ltmp11:
	.loc	3 121 25 is_stmt 1              @ C:/Users/aj4775/AppData/Local/arm/packs/Keil/V2M-MPS2_IOTKit_BSP/1.5.2/Boards/ARM/V2M-MPS2/Common/LED_V2M-MPS2.c:121:25
	ldr	r1, [sp]
	movs	r0, #1
	.loc	3 121 22 is_stmt 0              @ C:/Users/aj4775/AppData/Local/arm/packs/Keil/V2M-MPS2_IOTKit_BSP/1.5.2/Boards/ARM/V2M-MPS2/Common/LED_V2M-MPS2.c:121:22
	lsl.w	r2, r0, r1
	movs	r1, #4
	movt	r1, #16432
	.loc	3 121 14                        @ C:/Users/aj4775/AppData/Local/arm/packs/Keil/V2M-MPS2_IOTKit_BSP/1.5.2/Boards/ARM/V2M-MPS2/Common/LED_V2M-MPS2.c:121:14
	ldr	r0, [r1]
	bics	r0, r2
	str	r0, [r1]
	.loc	3 122 3 is_stmt 1               @ C:/Users/aj4775/AppData/Local/arm/packs/Keil/V2M-MPS2_IOTKit_BSP/1.5.2/Boards/ARM/V2M-MPS2/Common/LED_V2M-MPS2.c:122:3
	b	.LBB3_2
.Ltmp12:
.LBB3_2:
	.loc	3 0 3 is_stmt 0                 @ C:/Users/aj4775/AppData/Local/arm/packs/Keil/V2M-MPS2_IOTKit_BSP/1.5.2/Boards/ARM/V2M-MPS2/Common/LED_V2M-MPS2.c:0:3
	movs	r0, #0
	.loc	3 124 3 epilogue_begin is_stmt 1 @ C:/Users/aj4775/AppData/Local/arm/packs/Keil/V2M-MPS2_IOTKit_BSP/1.5.2/Boards/ARM/V2M-MPS2/Common/LED_V2M-MPS2.c:124:3
	add	sp, #4
	bx	lr
.Ltmp13:
.Lfunc_end3:
	.size	LED_Off, .Lfunc_end3-LED_Off
	.cfi_endproc
	.cantunwind
	.fnend
                                        @ -- End function
	.section	.text.LED_SetOut,"ax",%progbits
	.hidden	LED_SetOut                      @ -- Begin function LED_SetOut
	.globl	LED_SetOut
	.p2align	2
	.type	LED_SetOut,%function
	.code	16                              @ @LED_SetOut
	.thumb_func
LED_SetOut:
.Lfunc_begin4:
	.loc	3 135 0                         @ C:/Users/aj4775/AppData/Local/arm/packs/Keil/V2M-MPS2_IOTKit_BSP/1.5.2/Boards/ARM/V2M-MPS2/Common/LED_V2M-MPS2.c:135:0
	.fnstart
	.cfi_startproc
@ %bb.0:
	.pad	#4
	sub	sp, #4
	.cfi_def_cfa_offset 4
	str	r0, [sp]
.Ltmp14:
	.loc	3 147 14 prologue_end           @ C:/Users/aj4775/AppData/Local/arm/packs/Keil/V2M-MPS2_IOTKit_BSP/1.5.2/Boards/ARM/V2M-MPS2/Common/LED_V2M-MPS2.c:147:14
	ldrb.w	r0, [sp]
	movs	r1, #4
	movt	r1, #16432
	.loc	3 147 12 is_stmt 0              @ C:/Users/aj4775/AppData/Local/arm/packs/Keil/V2M-MPS2_IOTKit_BSP/1.5.2/Boards/ARM/V2M-MPS2/Common/LED_V2M-MPS2.c:147:12
	str	r0, [r1]
	movs	r0, #0
	.loc	3 149 3 epilogue_begin is_stmt 1 @ C:/Users/aj4775/AppData/Local/arm/packs/Keil/V2M-MPS2_IOTKit_BSP/1.5.2/Boards/ARM/V2M-MPS2/Common/LED_V2M-MPS2.c:149:3
	add	sp, #4
	bx	lr
.Ltmp15:
.Lfunc_end4:
	.size	LED_SetOut, .Lfunc_end4-LED_SetOut
	.cfi_endproc
	.cantunwind
	.fnend
                                        @ -- End function
	.section	.text.LED_GetCount,"ax",%progbits
	.hidden	LED_GetCount                    @ -- Begin function LED_GetCount
	.globl	LED_GetCount
	.p2align	2
	.type	LED_GetCount,%function
	.code	16                              @ @LED_GetCount
	.thumb_func
LED_GetCount:
.Lfunc_begin5:
	.loc	3 157 0                         @ C:/Users/aj4775/AppData/Local/arm/packs/Keil/V2M-MPS2_IOTKit_BSP/1.5.2/Boards/ARM/V2M-MPS2/Common/LED_V2M-MPS2.c:157:0
	.fnstart
	.cfi_startproc
@ %bb.0:
	movs	r0, #8
.Ltmp16:
	.loc	3 159 3 prologue_end            @ C:/Users/aj4775/AppData/Local/arm/packs/Keil/V2M-MPS2_IOTKit_BSP/1.5.2/Boards/ARM/V2M-MPS2/Common/LED_V2M-MPS2.c:159:3
	bx	lr
.Ltmp17:
.Lfunc_end5:
	.size	LED_GetCount, .Lfunc_end5-LED_GetCount
	.cfi_endproc
	.cantunwind
	.fnend
                                        @ -- End function
	.section	.debug_abbrev,"",%progbits
	.byte	1                               @ Abbreviation Code
	.byte	17                              @ DW_TAG_compile_unit
	.byte	1                               @ DW_CHILDREN_yes
	.byte	37                              @ DW_AT_producer
	.byte	14                              @ DW_FORM_strp
	.byte	19                              @ DW_AT_language
	.byte	5                               @ DW_FORM_data2
	.byte	3                               @ DW_AT_name
	.byte	14                              @ DW_FORM_strp
	.byte	16                              @ DW_AT_stmt_list
	.byte	23                              @ DW_FORM_sec_offset
	.byte	27                              @ DW_AT_comp_dir
	.byte	14                              @ DW_FORM_strp
	.byte	17                              @ DW_AT_low_pc
	.byte	1                               @ DW_FORM_addr
	.byte	85                              @ DW_AT_ranges
	.byte	23                              @ DW_FORM_sec_offset
	.byte	0                               @ EOM(1)
	.byte	0                               @ EOM(2)
	.byte	2                               @ Abbreviation Code
	.byte	15                              @ DW_TAG_pointer_type
	.byte	0                               @ DW_CHILDREN_no
	.byte	73                              @ DW_AT_type
	.byte	19                              @ DW_FORM_ref4
	.byte	0                               @ EOM(1)
	.byte	0                               @ EOM(2)
	.byte	3                               @ Abbreviation Code
	.byte	22                              @ DW_TAG_typedef
	.byte	0                               @ DW_CHILDREN_no
	.byte	73                              @ DW_AT_type
	.byte	19                              @ DW_FORM_ref4
	.byte	3                               @ DW_AT_name
	.byte	14                              @ DW_FORM_strp
	.byte	58                              @ DW_AT_decl_file
	.byte	11                              @ DW_FORM_data1
	.byte	59                              @ DW_AT_decl_line
	.byte	11                              @ DW_FORM_data1
	.byte	0                               @ EOM(1)
	.byte	0                               @ EOM(2)
	.byte	4                               @ Abbreviation Code
	.byte	19                              @ DW_TAG_structure_type
	.byte	1                               @ DW_CHILDREN_yes
	.byte	11                              @ DW_AT_byte_size
	.byte	5                               @ DW_FORM_data2
	.byte	58                              @ DW_AT_decl_file
	.byte	11                              @ DW_FORM_data1
	.byte	59                              @ DW_AT_decl_line
	.byte	11                              @ DW_FORM_data1
	.byte	0                               @ EOM(1)
	.byte	0                               @ EOM(2)
	.byte	5                               @ Abbreviation Code
	.byte	13                              @ DW_TAG_member
	.byte	0                               @ DW_CHILDREN_no
	.byte	3                               @ DW_AT_name
	.byte	14                              @ DW_FORM_strp
	.byte	73                              @ DW_AT_type
	.byte	19                              @ DW_FORM_ref4
	.byte	58                              @ DW_AT_decl_file
	.byte	11                              @ DW_FORM_data1
	.byte	59                              @ DW_AT_decl_line
	.byte	11                              @ DW_FORM_data1
	.byte	56                              @ DW_AT_data_member_location
	.byte	11                              @ DW_FORM_data1
	.byte	0                               @ EOM(1)
	.byte	0                               @ EOM(2)
	.byte	6                               @ Abbreviation Code
	.byte	13                              @ DW_TAG_member
	.byte	0                               @ DW_CHILDREN_no
	.byte	3                               @ DW_AT_name
	.byte	14                              @ DW_FORM_strp
	.byte	73                              @ DW_AT_type
	.byte	19                              @ DW_FORM_ref4
	.byte	58                              @ DW_AT_decl_file
	.byte	11                              @ DW_FORM_data1
	.byte	59                              @ DW_AT_decl_line
	.byte	11                              @ DW_FORM_data1
	.byte	56                              @ DW_AT_data_member_location
	.byte	5                               @ DW_FORM_data2
	.byte	0                               @ EOM(1)
	.byte	0                               @ EOM(2)
	.byte	7                               @ Abbreviation Code
	.byte	53                              @ DW_TAG_volatile_type
	.byte	0                               @ DW_CHILDREN_no
	.byte	73                              @ DW_AT_type
	.byte	19                              @ DW_FORM_ref4
	.byte	0                               @ EOM(1)
	.byte	0                               @ EOM(2)
	.byte	8                               @ Abbreviation Code
	.byte	36                              @ DW_TAG_base_type
	.byte	0                               @ DW_CHILDREN_no
	.byte	3                               @ DW_AT_name
	.byte	14                              @ DW_FORM_strp
	.byte	62                              @ DW_AT_encoding
	.byte	11                              @ DW_FORM_data1
	.byte	11                              @ DW_AT_byte_size
	.byte	11                              @ DW_FORM_data1
	.byte	0                               @ EOM(1)
	.byte	0                               @ EOM(2)
	.byte	9                               @ Abbreviation Code
	.byte	38                              @ DW_TAG_const_type
	.byte	0                               @ DW_CHILDREN_no
	.byte	73                              @ DW_AT_type
	.byte	19                              @ DW_FORM_ref4
	.byte	0                               @ EOM(1)
	.byte	0                               @ EOM(2)
	.byte	10                              @ Abbreviation Code
	.byte	1                               @ DW_TAG_array_type
	.byte	1                               @ DW_CHILDREN_yes
	.byte	73                              @ DW_AT_type
	.byte	19                              @ DW_FORM_ref4
	.byte	0                               @ EOM(1)
	.byte	0                               @ EOM(2)
	.byte	11                              @ Abbreviation Code
	.byte	33                              @ DW_TAG_subrange_type
	.byte	0                               @ DW_CHILDREN_no
	.byte	73                              @ DW_AT_type
	.byte	19                              @ DW_FORM_ref4
	.byte	55                              @ DW_AT_count
	.byte	11                              @ DW_FORM_data1
	.byte	0                               @ EOM(1)
	.byte	0                               @ EOM(2)
	.byte	12                              @ Abbreviation Code
	.byte	36                              @ DW_TAG_base_type
	.byte	0                               @ DW_CHILDREN_no
	.byte	3                               @ DW_AT_name
	.byte	14                              @ DW_FORM_strp
	.byte	11                              @ DW_AT_byte_size
	.byte	11                              @ DW_FORM_data1
	.byte	62                              @ DW_AT_encoding
	.byte	11                              @ DW_FORM_data1
	.byte	0                               @ EOM(1)
	.byte	0                               @ EOM(2)
	.byte	13                              @ Abbreviation Code
	.byte	33                              @ DW_TAG_subrange_type
	.byte	0                               @ DW_CHILDREN_no
	.byte	73                              @ DW_AT_type
	.byte	19                              @ DW_FORM_ref4
	.byte	55                              @ DW_AT_count
	.byte	5                               @ DW_FORM_data2
	.byte	0                               @ EOM(1)
	.byte	0                               @ EOM(2)
	.byte	14                              @ Abbreviation Code
	.byte	46                              @ DW_TAG_subprogram
	.byte	0                               @ DW_CHILDREN_no
	.byte	17                              @ DW_AT_low_pc
	.byte	1                               @ DW_FORM_addr
	.byte	18                              @ DW_AT_high_pc
	.byte	6                               @ DW_FORM_data4
	.byte	64                              @ DW_AT_frame_base
	.byte	24                              @ DW_FORM_exprloc
	.byte	3                               @ DW_AT_name
	.byte	14                              @ DW_FORM_strp
	.byte	58                              @ DW_AT_decl_file
	.byte	11                              @ DW_FORM_data1
	.byte	59                              @ DW_AT_decl_line
	.byte	11                              @ DW_FORM_data1
	.byte	39                              @ DW_AT_prototyped
	.byte	25                              @ DW_FORM_flag_present
	.byte	73                              @ DW_AT_type
	.byte	19                              @ DW_FORM_ref4
	.byte	63                              @ DW_AT_external
	.byte	25                              @ DW_FORM_flag_present
	.byte	0                               @ EOM(1)
	.byte	0                               @ EOM(2)
	.byte	15                              @ Abbreviation Code
	.byte	46                              @ DW_TAG_subprogram
	.byte	1                               @ DW_CHILDREN_yes
	.byte	17                              @ DW_AT_low_pc
	.byte	1                               @ DW_FORM_addr
	.byte	18                              @ DW_AT_high_pc
	.byte	6                               @ DW_FORM_data4
	.byte	64                              @ DW_AT_frame_base
	.byte	24                              @ DW_FORM_exprloc
	.byte	3                               @ DW_AT_name
	.byte	14                              @ DW_FORM_strp
	.byte	58                              @ DW_AT_decl_file
	.byte	11                              @ DW_FORM_data1
	.byte	59                              @ DW_AT_decl_line
	.byte	11                              @ DW_FORM_data1
	.byte	39                              @ DW_AT_prototyped
	.byte	25                              @ DW_FORM_flag_present
	.byte	73                              @ DW_AT_type
	.byte	19                              @ DW_FORM_ref4
	.byte	63                              @ DW_AT_external
	.byte	25                              @ DW_FORM_flag_present
	.byte	0                               @ EOM(1)
	.byte	0                               @ EOM(2)
	.byte	16                              @ Abbreviation Code
	.byte	5                               @ DW_TAG_formal_parameter
	.byte	0                               @ DW_CHILDREN_no
	.byte	2                               @ DW_AT_location
	.byte	24                              @ DW_FORM_exprloc
	.byte	3                               @ DW_AT_name
	.byte	14                              @ DW_FORM_strp
	.byte	58                              @ DW_AT_decl_file
	.byte	11                              @ DW_FORM_data1
	.byte	59                              @ DW_AT_decl_line
	.byte	11                              @ DW_FORM_data1
	.byte	73                              @ DW_AT_type
	.byte	19                              @ DW_FORM_ref4
	.byte	0                               @ EOM(1)
	.byte	0                               @ EOM(2)
	.byte	0                               @ EOM(3)
	.section	.debug_info,"",%progbits
.Lcu_begin0:
	.long	.Ldebug_info_end0-.Ldebug_info_start0 @ Length of Unit
.Ldebug_info_start0:
	.short	4                               @ DWARF version number
	.long	.debug_abbrev                   @ Offset Into Abbrev. Section
	.byte	4                               @ Address Size (in bytes)
	.byte	1                               @ Abbrev [1] 0xb:0x1ef DW_TAG_compile_unit
	.long	.Linfo_string0                  @ DW_AT_producer
	.short	29                              @ DW_AT_language
	.long	.Linfo_string1                  @ DW_AT_name
	.long	.Lline_table_start0             @ DW_AT_stmt_list
	.long	.Linfo_string2                  @ DW_AT_comp_dir
	.long	0                               @ DW_AT_low_pc
	.long	.Ldebug_ranges0                 @ DW_AT_ranges
	.byte	2                               @ Abbrev [2] 0x26:0x5 DW_TAG_pointer_type
	.long	43                              @ DW_AT_type
	.byte	3                               @ Abbrev [3] 0x2b:0xb DW_TAG_typedef
	.long	54                              @ DW_AT_type
	.long	.Linfo_string21                 @ DW_AT_name
	.byte	2                               @ DW_AT_decl_file
	.byte	135                             @ DW_AT_decl_line
	.byte	4                               @ Abbrev [4] 0x36:0xbe DW_TAG_structure_type
	.short	4096                            @ DW_AT_byte_size
	.byte	2                               @ DW_AT_decl_file
	.byte	83                              @ DW_AT_decl_line
	.byte	5                               @ Abbrev [5] 0x3b:0xc DW_TAG_member
	.long	.Linfo_string3                  @ DW_AT_name
	.long	244                             @ DW_AT_type
	.byte	2                               @ DW_AT_decl_file
	.byte	85                              @ DW_AT_decl_line
	.byte	0                               @ DW_AT_data_member_location
	.byte	5                               @ Abbrev [5] 0x47:0xc DW_TAG_member
	.long	.Linfo_string6                  @ DW_AT_name
	.long	244                             @ DW_AT_type
	.byte	2                               @ DW_AT_decl_file
	.byte	87                              @ DW_AT_decl_line
	.byte	4                               @ DW_AT_data_member_location
	.byte	5                               @ Abbrev [5] 0x53:0xc DW_TAG_member
	.long	.Linfo_string7                  @ DW_AT_name
	.long	244                             @ DW_AT_type
	.byte	2                               @ DW_AT_decl_file
	.byte	90                              @ DW_AT_decl_line
	.byte	8                               @ DW_AT_data_member_location
	.byte	5                               @ Abbrev [5] 0x5f:0xc DW_TAG_member
	.long	.Linfo_string8                  @ DW_AT_name
	.long	267                             @ DW_AT_type
	.byte	2                               @ DW_AT_decl_file
	.byte	92                              @ DW_AT_decl_line
	.byte	12                              @ DW_AT_data_member_location
	.byte	5                               @ Abbrev [5] 0x6b:0xc DW_TAG_member
	.long	.Linfo_string9                  @ DW_AT_name
	.long	267                             @ DW_AT_type
	.byte	2                               @ DW_AT_decl_file
	.byte	95                              @ DW_AT_decl_line
	.byte	16                              @ DW_AT_data_member_location
	.byte	5                               @ Abbrev [5] 0x77:0xc DW_TAG_member
	.long	.Linfo_string10                 @ DW_AT_name
	.long	272                             @ DW_AT_type
	.byte	2                               @ DW_AT_decl_file
	.byte	98                              @ DW_AT_decl_line
	.byte	20                              @ DW_AT_data_member_location
	.byte	5                               @ Abbrev [5] 0x83:0xc DW_TAG_member
	.long	.Linfo_string12                 @ DW_AT_name
	.long	244                             @ DW_AT_type
	.byte	2                               @ DW_AT_decl_file
	.byte	99                              @ DW_AT_decl_line
	.byte	160                             @ DW_AT_data_member_location
	.byte	5                               @ Abbrev [5] 0x8f:0xc DW_TAG_member
	.long	.Linfo_string13                 @ DW_AT_name
	.long	244                             @ DW_AT_type
	.byte	2                               @ DW_AT_decl_file
	.byte	101                             @ DW_AT_decl_line
	.byte	164                             @ DW_AT_data_member_location
	.byte	5                               @ Abbrev [5] 0x9b:0xc DW_TAG_member
	.long	.Linfo_string14                 @ DW_AT_name
	.long	244                             @ DW_AT_type
	.byte	2                               @ DW_AT_decl_file
	.byte	103                             @ DW_AT_decl_line
	.byte	168                             @ DW_AT_data_member_location
	.byte	5                               @ Abbrev [5] 0xa7:0xc DW_TAG_member
	.long	.Linfo_string15                 @ DW_AT_name
	.long	244                             @ DW_AT_type
	.byte	2                               @ DW_AT_decl_file
	.byte	110                             @ DW_AT_decl_line
	.byte	172                             @ DW_AT_data_member_location
	.byte	5                               @ Abbrev [5] 0xb3:0xc DW_TAG_member
	.long	.Linfo_string16                 @ DW_AT_name
	.long	291                             @ DW_AT_type
	.byte	2                               @ DW_AT_decl_file
	.byte	114                             @ DW_AT_decl_line
	.byte	176                             @ DW_AT_data_member_location
	.byte	6                               @ Abbrev [6] 0xbf:0xd DW_TAG_member
	.long	.Linfo_string17                 @ DW_AT_name
	.long	244                             @ DW_AT_type
	.byte	2                               @ DW_AT_decl_file
	.byte	115                             @ DW_AT_decl_line
	.short	256                             @ DW_AT_data_member_location
	.byte	6                               @ Abbrev [6] 0xcc:0xd DW_TAG_member
	.long	.Linfo_string18                 @ DW_AT_name
	.long	303                             @ DW_AT_type
	.byte	2                               @ DW_AT_decl_file
	.byte	120                             @ DW_AT_decl_line
	.short	260                             @ DW_AT_data_member_location
	.byte	6                               @ Abbrev [6] 0xd9:0xd DW_TAG_member
	.long	.Linfo_string19                 @ DW_AT_name
	.long	267                             @ DW_AT_type
	.byte	2                               @ DW_AT_decl_file
	.byte	121                             @ DW_AT_decl_line
	.short	4088                            @ DW_AT_data_member_location
	.byte	6                               @ Abbrev [6] 0xe6:0xd DW_TAG_member
	.long	.Linfo_string20                 @ DW_AT_name
	.long	267                             @ DW_AT_type
	.byte	2                               @ DW_AT_decl_file
	.byte	129                             @ DW_AT_decl_line
	.short	4092                            @ DW_AT_data_member_location
	.byte	0                               @ End Of Children Mark
	.byte	7                               @ Abbrev [7] 0xf4:0x5 DW_TAG_volatile_type
	.long	249                             @ DW_AT_type
	.byte	3                               @ Abbrev [3] 0xf9:0xb DW_TAG_typedef
	.long	260                             @ DW_AT_type
	.long	.Linfo_string5                  @ DW_AT_name
	.byte	1                               @ DW_AT_decl_file
	.byte	64                              @ DW_AT_decl_line
	.byte	8                               @ Abbrev [8] 0x104:0x7 DW_TAG_base_type
	.long	.Linfo_string4                  @ DW_AT_name
	.byte	7                               @ DW_AT_encoding
	.byte	4                               @ DW_AT_byte_size
	.byte	9                               @ Abbrev [9] 0x10b:0x5 DW_TAG_const_type
	.long	244                             @ DW_AT_type
	.byte	10                              @ Abbrev [10] 0x110:0xc DW_TAG_array_type
	.long	249                             @ DW_AT_type
	.byte	11                              @ Abbrev [11] 0x115:0x6 DW_TAG_subrange_type
	.long	284                             @ DW_AT_type
	.byte	35                              @ DW_AT_count
	.byte	0                               @ End Of Children Mark
	.byte	12                              @ Abbrev [12] 0x11c:0x7 DW_TAG_base_type
	.long	.Linfo_string11                 @ DW_AT_name
	.byte	8                               @ DW_AT_byte_size
	.byte	7                               @ DW_AT_encoding
	.byte	10                              @ Abbrev [10] 0x123:0xc DW_TAG_array_type
	.long	244                             @ DW_AT_type
	.byte	11                              @ Abbrev [11] 0x128:0x6 DW_TAG_subrange_type
	.long	284                             @ DW_AT_type
	.byte	20                              @ DW_AT_count
	.byte	0                               @ End Of Children Mark
	.byte	10                              @ Abbrev [10] 0x12f:0xd DW_TAG_array_type
	.long	249                             @ DW_AT_type
	.byte	13                              @ Abbrev [13] 0x134:0x7 DW_TAG_subrange_type
	.long	284                             @ DW_AT_type
	.short	957                             @ DW_AT_count
	.byte	0                               @ End Of Children Mark
	.byte	14                              @ Abbrev [14] 0x13c:0x15 DW_TAG_subprogram
	.long	.Lfunc_begin0                   @ DW_AT_low_pc
	.long	.Lfunc_end0-.Lfunc_begin0       @ DW_AT_high_pc
	.byte	1                               @ DW_AT_frame_base
	.byte	93
	.long	.Linfo_string22                 @ DW_AT_name
	.byte	3                               @ DW_AT_decl_file
	.byte	68                              @ DW_AT_decl_line
                                        @ DW_AT_prototyped
	.long	487                             @ DW_AT_type
                                        @ DW_AT_external
	.byte	14                              @ Abbrev [14] 0x151:0x15 DW_TAG_subprogram
	.long	.Lfunc_begin1                   @ DW_AT_low_pc
	.long	.Lfunc_end1-.Lfunc_begin1       @ DW_AT_high_pc
	.byte	1                               @ DW_AT_frame_base
	.byte	93
	.long	.Linfo_string25                 @ DW_AT_name
	.byte	3                               @ DW_AT_decl_file
	.byte	88                              @ DW_AT_decl_line
                                        @ DW_AT_prototyped
	.long	487                             @ DW_AT_type
                                        @ DW_AT_external
	.byte	15                              @ Abbrev [15] 0x166:0x24 DW_TAG_subprogram
	.long	.Lfunc_begin2                   @ DW_AT_low_pc
	.long	.Lfunc_end2-.Lfunc_begin2       @ DW_AT_high_pc
	.byte	1                               @ DW_AT_frame_base
	.byte	93
	.long	.Linfo_string26                 @ DW_AT_name
	.byte	3                               @ DW_AT_decl_file
	.byte	101                             @ DW_AT_decl_line
                                        @ DW_AT_prototyped
	.long	487                             @ DW_AT_type
                                        @ DW_AT_external
	.byte	16                              @ Abbrev [16] 0x17b:0xe DW_TAG_formal_parameter
	.byte	2                               @ DW_AT_location
	.byte	145
	.byte	0
	.long	.Linfo_string30                 @ DW_AT_name
	.byte	3                               @ DW_AT_decl_file
	.byte	101                             @ DW_AT_decl_line
	.long	249                             @ DW_AT_type
	.byte	0                               @ End Of Children Mark
	.byte	15                              @ Abbrev [15] 0x18a:0x24 DW_TAG_subprogram
	.long	.Lfunc_begin3                   @ DW_AT_low_pc
	.long	.Lfunc_end3-.Lfunc_begin3       @ DW_AT_high_pc
	.byte	1                               @ DW_AT_frame_base
	.byte	93
	.long	.Linfo_string27                 @ DW_AT_name
	.byte	3                               @ DW_AT_decl_file
	.byte	118                             @ DW_AT_decl_line
                                        @ DW_AT_prototyped
	.long	487                             @ DW_AT_type
                                        @ DW_AT_external
	.byte	16                              @ Abbrev [16] 0x19f:0xe DW_TAG_formal_parameter
	.byte	2                               @ DW_AT_location
	.byte	145
	.byte	0
	.long	.Linfo_string30                 @ DW_AT_name
	.byte	3                               @ DW_AT_decl_file
	.byte	118                             @ DW_AT_decl_line
	.long	249                             @ DW_AT_type
	.byte	0                               @ End Of Children Mark
	.byte	15                              @ Abbrev [15] 0x1ae:0x24 DW_TAG_subprogram
	.long	.Lfunc_begin4                   @ DW_AT_low_pc
	.long	.Lfunc_end4-.Lfunc_begin4       @ DW_AT_high_pc
	.byte	1                               @ DW_AT_frame_base
	.byte	93
	.long	.Linfo_string28                 @ DW_AT_name
	.byte	3                               @ DW_AT_decl_file
	.byte	135                             @ DW_AT_decl_line
                                        @ DW_AT_prototyped
	.long	487                             @ DW_AT_type
                                        @ DW_AT_external
	.byte	16                              @ Abbrev [16] 0x1c3:0xe DW_TAG_formal_parameter
	.byte	2                               @ DW_AT_location
	.byte	145
	.byte	0
	.long	.Linfo_string31                 @ DW_AT_name
	.byte	3                               @ DW_AT_decl_file
	.byte	135                             @ DW_AT_decl_line
	.long	249                             @ DW_AT_type
	.byte	0                               @ End Of Children Mark
	.byte	14                              @ Abbrev [14] 0x1d2:0x15 DW_TAG_subprogram
	.long	.Lfunc_begin5                   @ DW_AT_low_pc
	.long	.Lfunc_end5-.Lfunc_begin5       @ DW_AT_high_pc
	.byte	1                               @ DW_AT_frame_base
	.byte	93
	.long	.Linfo_string29                 @ DW_AT_name
	.byte	3                               @ DW_AT_decl_file
	.byte	157                             @ DW_AT_decl_line
                                        @ DW_AT_prototyped
	.long	249                             @ DW_AT_type
                                        @ DW_AT_external
	.byte	3                               @ Abbrev [3] 0x1e7:0xb DW_TAG_typedef
	.long	498                             @ DW_AT_type
	.long	.Linfo_string24                 @ DW_AT_name
	.byte	1                               @ DW_AT_decl_file
	.byte	58                              @ DW_AT_decl_line
	.byte	8                               @ Abbrev [8] 0x1f2:0x7 DW_TAG_base_type
	.long	.Linfo_string23                 @ DW_AT_name
	.byte	5                               @ DW_AT_encoding
	.byte	4                               @ DW_AT_byte_size
	.byte	0                               @ End Of Children Mark
.Ldebug_info_end0:
	.section	.debug_ranges,"",%progbits
.Ldebug_ranges0:
	.long	.Lfunc_begin0
	.long	.Lfunc_end0
	.long	.Lfunc_begin1
	.long	.Lfunc_end1
	.long	.Lfunc_begin2
	.long	.Lfunc_end2
	.long	.Lfunc_begin3
	.long	.Lfunc_end3
	.long	.Lfunc_begin4
	.long	.Lfunc_end4
	.long	.Lfunc_begin5
	.long	.Lfunc_end5
	.long	0
	.long	0
	.section	.debug_str,"MS",%progbits,1
.Linfo_string0:
	.asciz	"Component: Arm Compiler for Embedded 6.22 Tool: armclang [5ee92100]" @ string offset=0
.Linfo_string1:
	.asciz	"C:/Users/aj4775/AppData/Local/arm/packs/Keil/V2M-MPS2_IOTKit_BSP/1.5.2/Boards/ARM/V2M-MPS2/Common\\LED_V2M-MPS2.c" @ string offset=68
.Linfo_string2:
	.asciz	"P:\\Workspace\\Git\\MTB_CFA\\IOTKit_CM33_S_NS\\IOTKit_CM33_s" @ string offset=181
.Linfo_string3:
	.asciz	"CFG_REG0"                      @ string offset=237
.Linfo_string4:
	.asciz	"unsigned int"                  @ string offset=246
.Linfo_string5:
	.asciz	"uint32_t"                      @ string offset=259
.Linfo_string6:
	.asciz	"CFG_REG1"                      @ string offset=268
.Linfo_string7:
	.asciz	"CFG_REG2"                      @ string offset=277
.Linfo_string8:
	.asciz	"CFG_REG3"                      @ string offset=286
.Linfo_string9:
	.asciz	"CFG_REG4"                      @ string offset=295
.Linfo_string10:
	.asciz	"RESERVED1"                     @ string offset=304
.Linfo_string11:
	.asciz	"__ARRAY_SIZE_TYPE__"           @ string offset=314
.Linfo_string12:
	.asciz	"SYS_CFGDATA_RTN"               @ string offset=334
.Linfo_string13:
	.asciz	"SYS_CFGDATA_OUT"               @ string offset=350
.Linfo_string14:
	.asciz	"SYS_CFGCTRL"                   @ string offset=366
.Linfo_string15:
	.asciz	"SYS_CFGSTAT"                   @ string offset=378
.Linfo_string16:
	.asciz	"RESERVED2"                     @ string offset=390
.Linfo_string17:
	.asciz	"SCC_DLL"                       @ string offset=400
.Linfo_string18:
	.asciz	"RESERVED3"                     @ string offset=408
.Linfo_string19:
	.asciz	"SCC_AID"                       @ string offset=418
.Linfo_string20:
	.asciz	"SCC_ID"                        @ string offset=426
.Linfo_string21:
	.asciz	"MPS2_SCC_TypeDef"              @ string offset=433
.Linfo_string22:
	.asciz	"LED_Initialize"                @ string offset=450
.Linfo_string23:
	.asciz	"int"                           @ string offset=465
.Linfo_string24:
	.asciz	"int32_t"                       @ string offset=469
.Linfo_string25:
	.asciz	"LED_Uninitialize"              @ string offset=477
.Linfo_string26:
	.asciz	"LED_On"                        @ string offset=494
.Linfo_string27:
	.asciz	"LED_Off"                       @ string offset=501
.Linfo_string28:
	.asciz	"LED_SetOut"                    @ string offset=509
.Linfo_string29:
	.asciz	"LED_GetCount"                  @ string offset=520
.Linfo_string30:
	.asciz	"num"                           @ string offset=533
.Linfo_string31:
	.asciz	"val"                           @ string offset=537
	.ident	"Component: Arm Compiler for Embedded 6.22 Tool: armclang [5ee92100]"
	.section	".note.GNU-stack","",%progbits
	.eabi_attribute	30, 6	@ Tag_ABI_optimization_goals
	.ARM_attribute	16, 1	@ Tag_AV_eba
	.section	.debug_line,"",%progbits
.Lline_table_start0:
