	.text
	.syntax unified
	.eabi_attribute	67, "2.09"	@ Tag_conformance
	.cpu	cortex-m33
	.eabi_attribute	6, 17	@ Tag_CPU_arch
	.eabi_attribute	7, 77	@ Tag_CPU_arch_profile
	.eabi_attribute	8, 0	@ Tag_ARM_ISA_use
	.eabi_attribute	9, 3	@ Tag_THUMB_ISA_use
	.fpu	fpv5-sp-d16
	.eabi_attribute	27, 1	@ Tag_ABI_HardFP_use
	.eabi_attribute	36, 1	@ Tag_FP_HP_extension
	.eabi_attribute	46, 1	@ Tag_DSP_extension
	.eabi_attribute	34, 1	@ Tag_CPU_unaligned_access
	.eabi_attribute	17, 1	@ Tag_ABI_PCS_GOT_use
	.eabi_attribute	20, 2	@ Tag_ABI_FP_denormal
	.eabi_attribute	21, 0	@ Tag_ABI_FP_exceptions
	.eabi_attribute	23, 1	@ Tag_ABI_FP_number_model
	.eabi_attribute	24, 1	@ Tag_ABI_align_needed
	.eabi_attribute	25, 1	@ Tag_ABI_align_preserved
	.eabi_attribute	28, 1	@ Tag_ABI_VFP_args
	.eabi_attribute	38, 1	@ Tag_ABI_FP_16bit_format
	.eabi_attribute	18, 2	@ Tag_ABI_PCS_wchar_t
	.eabi_attribute	26, 1	@ Tag_ABI_enum_size
	.eabi_attribute	14, 0	@ Tag_ABI_PCS_R9_use
	.file	"retarget_io.c"
	.file	1 "C:/Users/aj4775/AppData/Local/arm/packs/Keil/ARM_Compiler/1.7.2/Source" "retarget_io.c"
	.section	.text._sys_open,"ax",%progbits
	.hidden	_sys_open                       @ -- Begin function _sys_open
	.weak	_sys_open
	.p2align	2
	.type	_sys_open,%function
	.code	16                              @ @_sys_open
	.thumb_func
_sys_open:
.Lfunc_begin0:
	.loc	1 413 0                         @ C:/Users/aj4775/AppData/Local/arm/packs/Keil/ARM_Compiler/1.7.2/Source/retarget_io.c:413:0
	.fnstart
	.cfi_sections .debug_frame
	.cfi_startproc
@ %bb.0:
	.save	{r7, lr}
	push	{r7, lr}
	.cfi_def_cfa_offset 8
	.cfi_offset lr, -4
	.cfi_offset r7, -8
	.pad	#16
	sub	sp, #16
	.cfi_def_cfa_offset 24
	str	r0, [sp, #8]
	str	r1, [sp, #4]
.Ltmp0:
	.loc	1 418 7 prologue_end            @ C:/Users/aj4775/AppData/Local/arm/packs/Keil/ARM_Compiler/1.7.2/Source/retarget_io.c:418:7
	ldr	r0, [sp, #8]
.Ltmp1:
	.loc	1 418 7 is_stmt 0               @ C:/Users/aj4775/AppData/Local/arm/packs/Keil/ARM_Compiler/1.7.2/Source/retarget_io.c:418:7
	cbnz	r0, .LBB0_2
	b	.LBB0_1
.LBB0_1:
	.loc	1 0 7                           @ C:/Users/aj4775/AppData/Local/arm/packs/Keil/ARM_Compiler/1.7.2/Source/retarget_io.c:0:7
	mov.w	r0, #-1
.Ltmp2:
	.loc	1 419 5 is_stmt 1               @ C:/Users/aj4775/AppData/Local/arm/packs/Keil/ARM_Compiler/1.7.2/Source/retarget_io.c:419:5
	str	r0, [sp, #12]
	b	.LBB0_11
.Ltmp3:
.LBB0_2:
	.loc	1 422 7                         @ C:/Users/aj4775/AppData/Local/arm/packs/Keil/ARM_Compiler/1.7.2/Source/retarget_io.c:422:7
	ldr	r0, [sp, #8]
	ldrb	r0, [r0]
.Ltmp4:
	.loc	1 422 7 is_stmt 0               @ C:/Users/aj4775/AppData/Local/arm/packs/Keil/ARM_Compiler/1.7.2/Source/retarget_io.c:422:7
	cmp	r0, #58
	bne	.LBB0_10
	b	.LBB0_3
.LBB0_3:
.Ltmp5:
	.loc	1 423 16 is_stmt 1              @ C:/Users/aj4775/AppData/Local/arm/packs/Keil/ARM_Compiler/1.7.2/Source/retarget_io.c:423:16
	ldr	r0, [sp, #8]
	.loc	1 423 9 is_stmt 0               @ C:/Users/aj4775/AppData/Local/arm/packs/Keil/ARM_Compiler/1.7.2/Source/retarget_io.c:423:9
	movw	r1, :lower16:.L.str
	movt	r1, :upper16:.L.str
	bl	strcmp
.Ltmp6:
	.loc	1 423 9                         @ C:/Users/aj4775/AppData/Local/arm/packs/Keil/ARM_Compiler/1.7.2/Source/retarget_io.c:423:9
	cbnz	r0, .LBB0_5
	b	.LBB0_4
.LBB0_4:
	.loc	1 0 9                           @ C:/Users/aj4775/AppData/Local/arm/packs/Keil/ARM_Compiler/1.7.2/Source/retarget_io.c:0:9
	movw	r0, #32769
.Ltmp7:
	.loc	1 424 7 is_stmt 1               @ C:/Users/aj4775/AppData/Local/arm/packs/Keil/ARM_Compiler/1.7.2/Source/retarget_io.c:424:7
	str	r0, [sp, #12]
	b	.LBB0_11
.Ltmp8:
.LBB0_5:
	.loc	1 426 16                        @ C:/Users/aj4775/AppData/Local/arm/packs/Keil/ARM_Compiler/1.7.2/Source/retarget_io.c:426:16
	ldr	r0, [sp, #8]
	.loc	1 426 9 is_stmt 0               @ C:/Users/aj4775/AppData/Local/arm/packs/Keil/ARM_Compiler/1.7.2/Source/retarget_io.c:426:9
	movw	r1, :lower16:.L.str.1
	movt	r1, :upper16:.L.str.1
	bl	strcmp
.Ltmp9:
	.loc	1 426 9                         @ C:/Users/aj4775/AppData/Local/arm/packs/Keil/ARM_Compiler/1.7.2/Source/retarget_io.c:426:9
	cbnz	r0, .LBB0_7
	b	.LBB0_6
.LBB0_6:
	.loc	1 0 9                           @ C:/Users/aj4775/AppData/Local/arm/packs/Keil/ARM_Compiler/1.7.2/Source/retarget_io.c:0:9
	movw	r0, #32770
.Ltmp10:
	.loc	1 427 7 is_stmt 1               @ C:/Users/aj4775/AppData/Local/arm/packs/Keil/ARM_Compiler/1.7.2/Source/retarget_io.c:427:7
	str	r0, [sp, #12]
	b	.LBB0_11
.Ltmp11:
.LBB0_7:
	.loc	1 429 16                        @ C:/Users/aj4775/AppData/Local/arm/packs/Keil/ARM_Compiler/1.7.2/Source/retarget_io.c:429:16
	ldr	r0, [sp, #8]
	.loc	1 429 9 is_stmt 0               @ C:/Users/aj4775/AppData/Local/arm/packs/Keil/ARM_Compiler/1.7.2/Source/retarget_io.c:429:9
	movw	r1, :lower16:.L.str.2
	movt	r1, :upper16:.L.str.2
	bl	strcmp
.Ltmp12:
	.loc	1 429 9                         @ C:/Users/aj4775/AppData/Local/arm/packs/Keil/ARM_Compiler/1.7.2/Source/retarget_io.c:429:9
	cbnz	r0, .LBB0_9
	b	.LBB0_8
.LBB0_8:
	.loc	1 0 9                           @ C:/Users/aj4775/AppData/Local/arm/packs/Keil/ARM_Compiler/1.7.2/Source/retarget_io.c:0:9
	movw	r0, #32771
.Ltmp13:
	.loc	1 430 7 is_stmt 1               @ C:/Users/aj4775/AppData/Local/arm/packs/Keil/ARM_Compiler/1.7.2/Source/retarget_io.c:430:7
	str	r0, [sp, #12]
	b	.LBB0_11
.Ltmp14:
.LBB0_9:
	.loc	1 0 7 is_stmt 0                 @ C:/Users/aj4775/AppData/Local/arm/packs/Keil/ARM_Compiler/1.7.2/Source/retarget_io.c:0:7
	mov.w	r0, #-1
	.loc	1 432 5 is_stmt 1               @ C:/Users/aj4775/AppData/Local/arm/packs/Keil/ARM_Compiler/1.7.2/Source/retarget_io.c:432:5
	str	r0, [sp, #12]
	b	.LBB0_11
.Ltmp15:
.LBB0_10:
	.loc	1 0 5 is_stmt 0                 @ C:/Users/aj4775/AppData/Local/arm/packs/Keil/ARM_Compiler/1.7.2/Source/retarget_io.c:0:5
	mov.w	r0, #-1
	.loc	1 440 3 is_stmt 1               @ C:/Users/aj4775/AppData/Local/arm/packs/Keil/ARM_Compiler/1.7.2/Source/retarget_io.c:440:3
	str	r0, [sp, #12]
	b	.LBB0_11
.LBB0_11:
	.loc	1 442 1                         @ C:/Users/aj4775/AppData/Local/arm/packs/Keil/ARM_Compiler/1.7.2/Source/retarget_io.c:442:1
	ldr	r0, [sp, #12]
	.loc	1 442 1 epilogue_begin is_stmt 0 @ C:/Users/aj4775/AppData/Local/arm/packs/Keil/ARM_Compiler/1.7.2/Source/retarget_io.c:442:1
	add	sp, #16
	pop	{r7, pc}
.Ltmp16:
.Lfunc_end0:
	.size	_sys_open, .Lfunc_end0-_sys_open
	.cfi_endproc
	.cantunwind
	.fnend
                                        @ -- End function
	.section	.text._sys_close,"ax",%progbits
	.hidden	_sys_close                      @ -- Begin function _sys_close
	.weak	_sys_close
	.p2align	2
	.type	_sys_close,%function
	.code	16                              @ @_sys_close
	.thumb_func
_sys_close:
.Lfunc_begin1:
	.loc	1 459 0 is_stmt 1               @ C:/Users/aj4775/AppData/Local/arm/packs/Keil/ARM_Compiler/1.7.2/Source/retarget_io.c:459:0
	.fnstart
	.cfi_startproc
@ %bb.0:
	.pad	#12
	sub	sp, #12
	.cfi_def_cfa_offset 12
	str	r0, [sp, #4]
.Ltmp17:
	.loc	1 461 11 prologue_end           @ C:/Users/aj4775/AppData/Local/arm/packs/Keil/ARM_Compiler/1.7.2/Source/retarget_io.c:461:11
	ldr	r0, [sp, #4]
	str	r0, [sp]                        @ 4-byte Spill
	movw	r1, #32769
	.loc	1 461 3 is_stmt 0               @ C:/Users/aj4775/AppData/Local/arm/packs/Keil/ARM_Compiler/1.7.2/Source/retarget_io.c:461:3
	cmp	r0, r1
	beq	.LBB1_3
	b	.LBB1_1
.LBB1_1:
	.loc	1 0 3                           @ C:/Users/aj4775/AppData/Local/arm/packs/Keil/ARM_Compiler/1.7.2/Source/retarget_io.c:0:3
	ldr	r0, [sp]                        @ 4-byte Reload
	movw	r1, #32770
	.loc	1 461 3                         @ C:/Users/aj4775/AppData/Local/arm/packs/Keil/ARM_Compiler/1.7.2/Source/retarget_io.c:461:3
	cmp	r0, r1
	beq	.LBB1_4
	b	.LBB1_2
.LBB1_2:
	.loc	1 0 3                           @ C:/Users/aj4775/AppData/Local/arm/packs/Keil/ARM_Compiler/1.7.2/Source/retarget_io.c:0:3
	ldr	r0, [sp]                        @ 4-byte Reload
	movw	r1, #32771
	.loc	1 461 3                         @ C:/Users/aj4775/AppData/Local/arm/packs/Keil/ARM_Compiler/1.7.2/Source/retarget_io.c:461:3
	cmp	r0, r1
	beq	.LBB1_5
	b	.LBB1_6
.LBB1_3:
	.loc	1 0 3                           @ C:/Users/aj4775/AppData/Local/arm/packs/Keil/ARM_Compiler/1.7.2/Source/retarget_io.c:0:3
	movs	r0, #0
.Ltmp18:
	.loc	1 463 7 is_stmt 1               @ C:/Users/aj4775/AppData/Local/arm/packs/Keil/ARM_Compiler/1.7.2/Source/retarget_io.c:463:7
	str	r0, [sp, #8]
	b	.LBB1_7
.LBB1_4:
	.loc	1 0 7 is_stmt 0                 @ C:/Users/aj4775/AppData/Local/arm/packs/Keil/ARM_Compiler/1.7.2/Source/retarget_io.c:0:7
	movs	r0, #0
	.loc	1 465 7 is_stmt 1               @ C:/Users/aj4775/AppData/Local/arm/packs/Keil/ARM_Compiler/1.7.2/Source/retarget_io.c:465:7
	str	r0, [sp, #8]
	b	.LBB1_7
.LBB1_5:
	.loc	1 0 7 is_stmt 0                 @ C:/Users/aj4775/AppData/Local/arm/packs/Keil/ARM_Compiler/1.7.2/Source/retarget_io.c:0:7
	movs	r0, #0
	.loc	1 467 7 is_stmt 1               @ C:/Users/aj4775/AppData/Local/arm/packs/Keil/ARM_Compiler/1.7.2/Source/retarget_io.c:467:7
	str	r0, [sp, #8]
	b	.LBB1_7
.Ltmp19:
.LBB1_6:
	.loc	1 0 7 is_stmt 0                 @ C:/Users/aj4775/AppData/Local/arm/packs/Keil/ARM_Compiler/1.7.2/Source/retarget_io.c:0:7
	mov.w	r0, #-1
	.loc	1 475 3 is_stmt 1               @ C:/Users/aj4775/AppData/Local/arm/packs/Keil/ARM_Compiler/1.7.2/Source/retarget_io.c:475:3
	str	r0, [sp, #8]
	b	.LBB1_7
.LBB1_7:
	.loc	1 477 1                         @ C:/Users/aj4775/AppData/Local/arm/packs/Keil/ARM_Compiler/1.7.2/Source/retarget_io.c:477:1
	ldr	r0, [sp, #8]
	.loc	1 477 1 epilogue_begin is_stmt 0 @ C:/Users/aj4775/AppData/Local/arm/packs/Keil/ARM_Compiler/1.7.2/Source/retarget_io.c:477:1
	add	sp, #12
	bx	lr
.Ltmp20:
.Lfunc_end1:
	.size	_sys_close, .Lfunc_end1-_sys_close
	.cfi_endproc
	.cantunwind
	.fnend
                                        @ -- End function
	.section	.text._sys_write,"ax",%progbits
	.hidden	_sys_write                      @ -- Begin function _sys_write
	.weak	_sys_write
	.p2align	2
	.type	_sys_write,%function
	.code	16                              @ @_sys_write
	.thumb_func
_sys_write:
.Lfunc_begin2:
	.loc	1 501 0 is_stmt 1               @ C:/Users/aj4775/AppData/Local/arm/packs/Keil/ARM_Compiler/1.7.2/Source/retarget_io.c:501:0
	.fnstart
	.cfi_startproc
@ %bb.0:
	.save	{r7, lr}
	push	{r7, lr}
	.cfi_def_cfa_offset 8
	.cfi_offset lr, -4
	.cfi_offset r7, -8
	.pad	#32
	sub	sp, #32
	.cfi_def_cfa_offset 40
	str	r0, [sp, #24]
	str	r1, [sp, #20]
	str	r2, [sp, #16]
	str	r3, [sp, #12]
.Ltmp21:
	.loc	1 510 11 prologue_end           @ C:/Users/aj4775/AppData/Local/arm/packs/Keil/ARM_Compiler/1.7.2/Source/retarget_io.c:510:11
	ldr	r0, [sp, #24]
	str	r0, [sp, #4]                    @ 4-byte Spill
	movw	r1, #32769
	.loc	1 510 3 is_stmt 0               @ C:/Users/aj4775/AppData/Local/arm/packs/Keil/ARM_Compiler/1.7.2/Source/retarget_io.c:510:3
	cmp	r0, r1
	beq	.LBB2_3
	b	.LBB2_1
.LBB2_1:
	.loc	1 0 3                           @ C:/Users/aj4775/AppData/Local/arm/packs/Keil/ARM_Compiler/1.7.2/Source/retarget_io.c:0:3
	ldr	r0, [sp, #4]                    @ 4-byte Reload
	movw	r1, #32770
	.loc	1 510 3                         @ C:/Users/aj4775/AppData/Local/arm/packs/Keil/ARM_Compiler/1.7.2/Source/retarget_io.c:510:3
	cmp	r0, r1
	beq	.LBB2_4
	b	.LBB2_2
.LBB2_2:
	.loc	1 0 3                           @ C:/Users/aj4775/AppData/Local/arm/packs/Keil/ARM_Compiler/1.7.2/Source/retarget_io.c:0:3
	ldr	r0, [sp, #4]                    @ 4-byte Reload
	movw	r1, #32771
	.loc	1 510 3                         @ C:/Users/aj4775/AppData/Local/arm/packs/Keil/ARM_Compiler/1.7.2/Source/retarget_io.c:510:3
	cmp	r0, r1
	beq	.LBB2_9
	b	.LBB2_10
.LBB2_3:
	.loc	1 0 3                           @ C:/Users/aj4775/AppData/Local/arm/packs/Keil/ARM_Compiler/1.7.2/Source/retarget_io.c:0:3
	mov.w	r0, #-1
.Ltmp22:
	.loc	1 512 7 is_stmt 1               @ C:/Users/aj4775/AppData/Local/arm/packs/Keil/ARM_Compiler/1.7.2/Source/retarget_io.c:512:7
	str	r0, [sp, #28]
	b	.LBB2_11
.LBB2_4:
	.loc	1 515 7                         @ C:/Users/aj4775/AppData/Local/arm/packs/Keil/ARM_Compiler/1.7.2/Source/retarget_io.c:515:7
	b	.LBB2_5
.LBB2_5:                                @ =>This Inner Loop Header: Depth=1
.Ltmp23:
	.loc	1 515 14 is_stmt 0              @ C:/Users/aj4775/AppData/Local/arm/packs/Keil/ARM_Compiler/1.7.2/Source/retarget_io.c:515:14
	ldr	r0, [sp, #16]
.Ltmp24:
	.loc	1 515 7                         @ C:/Users/aj4775/AppData/Local/arm/packs/Keil/ARM_Compiler/1.7.2/Source/retarget_io.c:515:7
	cbz	r0, .LBB2_8
	b	.LBB2_6
.LBB2_6:                                @   in Loop: Header=BB2_5 Depth=1
.Ltmp25:
	.loc	1 516 18 is_stmt 1              @ C:/Users/aj4775/AppData/Local/arm/packs/Keil/ARM_Compiler/1.7.2/Source/retarget_io.c:516:18
	ldr	r0, [sp, #20]
	adds	r1, r0, #1
	str	r1, [sp, #20]
	.loc	1 516 14 is_stmt 0              @ C:/Users/aj4775/AppData/Local/arm/packs/Keil/ARM_Compiler/1.7.2/Source/retarget_io.c:516:14
	ldrb	r0, [r0]
	.loc	1 516 12                        @ C:/Users/aj4775/AppData/Local/arm/packs/Keil/ARM_Compiler/1.7.2/Source/retarget_io.c:516:12
	str	r0, [sp, #8]
	.loc	1 520 24 is_stmt 1              @ C:/Users/aj4775/AppData/Local/arm/packs/Keil/ARM_Compiler/1.7.2/Source/retarget_io.c:520:24
	ldr	r0, [sp, #8]
	.loc	1 520 9 is_stmt 0               @ C:/Users/aj4775/AppData/Local/arm/packs/Keil/ARM_Compiler/1.7.2/Source/retarget_io.c:520:9
	bl	stdout_putchar
	.loc	1 521 7 is_stmt 1               @ C:/Users/aj4775/AppData/Local/arm/packs/Keil/ARM_Compiler/1.7.2/Source/retarget_io.c:521:7
	b	.LBB2_7
.Ltmp26:
.LBB2_7:                                @   in Loop: Header=BB2_5 Depth=1
	.loc	1 515 22                        @ C:/Users/aj4775/AppData/Local/arm/packs/Keil/ARM_Compiler/1.7.2/Source/retarget_io.c:515:22
	ldr	r0, [sp, #16]
	subs	r0, #1
	str	r0, [sp, #16]
	.loc	1 515 7 is_stmt 0               @ C:/Users/aj4775/AppData/Local/arm/packs/Keil/ARM_Compiler/1.7.2/Source/retarget_io.c:515:7
	b	.LBB2_5
.Ltmp27:
.LBB2_8:
	.loc	1 0 7                           @ C:/Users/aj4775/AppData/Local/arm/packs/Keil/ARM_Compiler/1.7.2/Source/retarget_io.c:0:7
	movs	r0, #0
	.loc	1 523 7 is_stmt 1               @ C:/Users/aj4775/AppData/Local/arm/packs/Keil/ARM_Compiler/1.7.2/Source/retarget_io.c:523:7
	str	r0, [sp, #28]
	b	.LBB2_11
.LBB2_9:
	.loc	1 0 7 is_stmt 0                 @ C:/Users/aj4775/AppData/Local/arm/packs/Keil/ARM_Compiler/1.7.2/Source/retarget_io.c:0:7
	movs	r0, #0
	.loc	1 534 7 is_stmt 1               @ C:/Users/aj4775/AppData/Local/arm/packs/Keil/ARM_Compiler/1.7.2/Source/retarget_io.c:534:7
	str	r0, [sp, #28]
	b	.LBB2_11
.Ltmp28:
.LBB2_10:
	.loc	1 0 7 is_stmt 0                 @ C:/Users/aj4775/AppData/Local/arm/packs/Keil/ARM_Compiler/1.7.2/Source/retarget_io.c:0:7
	mov.w	r0, #-1
	.loc	1 542 3 is_stmt 1               @ C:/Users/aj4775/AppData/Local/arm/packs/Keil/ARM_Compiler/1.7.2/Source/retarget_io.c:542:3
	str	r0, [sp, #28]
	b	.LBB2_11
.LBB2_11:
	.loc	1 544 1                         @ C:/Users/aj4775/AppData/Local/arm/packs/Keil/ARM_Compiler/1.7.2/Source/retarget_io.c:544:1
	ldr	r0, [sp, #28]
	.loc	1 544 1 epilogue_begin is_stmt 0 @ C:/Users/aj4775/AppData/Local/arm/packs/Keil/ARM_Compiler/1.7.2/Source/retarget_io.c:544:1
	add	sp, #32
	pop	{r7, pc}
.Ltmp29:
.Lfunc_end2:
	.size	_sys_write, .Lfunc_end2-_sys_write
	.cfi_endproc
	.cantunwind
	.fnend
                                        @ -- End function
	.section	.text._sys_read,"ax",%progbits
	.hidden	_sys_read                       @ -- Begin function _sys_read
	.weak	_sys_read
	.p2align	2
	.type	_sys_read,%function
	.code	16                              @ @_sys_read
	.thumb_func
_sys_read:
.Lfunc_begin3:
	.loc	1 577 0 is_stmt 1               @ C:/Users/aj4775/AppData/Local/arm/packs/Keil/ARM_Compiler/1.7.2/Source/retarget_io.c:577:0
	.fnstart
	.cfi_startproc
@ %bb.0:
	.pad	#24
	sub	sp, #24
	.cfi_def_cfa_offset 24
	str	r0, [sp, #16]
	str	r1, [sp, #12]
	str	r2, [sp, #8]
	str	r3, [sp, #4]
.Ltmp30:
	.loc	1 586 11 prologue_end           @ C:/Users/aj4775/AppData/Local/arm/packs/Keil/ARM_Compiler/1.7.2/Source/retarget_io.c:586:11
	ldr	r0, [sp, #16]
	str	r0, [sp]                        @ 4-byte Spill
	movw	r1, #32769
	.loc	1 586 3 is_stmt 0               @ C:/Users/aj4775/AppData/Local/arm/packs/Keil/ARM_Compiler/1.7.2/Source/retarget_io.c:586:3
	cmp	r0, r1
	beq	.LBB3_3
	b	.LBB3_1
.LBB3_1:
	.loc	1 0 3                           @ C:/Users/aj4775/AppData/Local/arm/packs/Keil/ARM_Compiler/1.7.2/Source/retarget_io.c:0:3
	ldr	r0, [sp]                        @ 4-byte Reload
	movw	r1, #32770
	.loc	1 586 3                         @ C:/Users/aj4775/AppData/Local/arm/packs/Keil/ARM_Compiler/1.7.2/Source/retarget_io.c:586:3
	cmp	r0, r1
	beq	.LBB3_4
	b	.LBB3_2
.LBB3_2:
	.loc	1 0 3                           @ C:/Users/aj4775/AppData/Local/arm/packs/Keil/ARM_Compiler/1.7.2/Source/retarget_io.c:0:3
	ldr	r0, [sp]                        @ 4-byte Reload
	movw	r1, #32771
	.loc	1 586 3                         @ C:/Users/aj4775/AppData/Local/arm/packs/Keil/ARM_Compiler/1.7.2/Source/retarget_io.c:586:3
	cmp	r0, r1
	beq	.LBB3_5
	b	.LBB3_6
.LBB3_3:
.Ltmp31:
	.loc	1 600 21 is_stmt 1              @ C:/Users/aj4775/AppData/Local/arm/packs/Keil/ARM_Compiler/1.7.2/Source/retarget_io.c:600:21
	ldr	r0, [sp, #8]
	.loc	1 600 25 is_stmt 0              @ C:/Users/aj4775/AppData/Local/arm/packs/Keil/ARM_Compiler/1.7.2/Source/retarget_io.c:600:25
	orr	r0, r0, #-2147483648
	.loc	1 600 7                         @ C:/Users/aj4775/AppData/Local/arm/packs/Keil/ARM_Compiler/1.7.2/Source/retarget_io.c:600:7
	str	r0, [sp, #20]
	b	.LBB3_7
.LBB3_4:
	.loc	1 0 7                           @ C:/Users/aj4775/AppData/Local/arm/packs/Keil/ARM_Compiler/1.7.2/Source/retarget_io.c:0:7
	mov.w	r0, #-1
	.loc	1 603 7 is_stmt 1               @ C:/Users/aj4775/AppData/Local/arm/packs/Keil/ARM_Compiler/1.7.2/Source/retarget_io.c:603:7
	str	r0, [sp, #20]
	b	.LBB3_7
.LBB3_5:
	.loc	1 0 7 is_stmt 0                 @ C:/Users/aj4775/AppData/Local/arm/packs/Keil/ARM_Compiler/1.7.2/Source/retarget_io.c:0:7
	mov.w	r0, #-1
	.loc	1 605 7 is_stmt 1               @ C:/Users/aj4775/AppData/Local/arm/packs/Keil/ARM_Compiler/1.7.2/Source/retarget_io.c:605:7
	str	r0, [sp, #20]
	b	.LBB3_7
.Ltmp32:
.LBB3_6:
	.loc	1 0 7 is_stmt 0                 @ C:/Users/aj4775/AppData/Local/arm/packs/Keil/ARM_Compiler/1.7.2/Source/retarget_io.c:0:7
	mov.w	r0, #-1
	.loc	1 613 3 is_stmt 1               @ C:/Users/aj4775/AppData/Local/arm/packs/Keil/ARM_Compiler/1.7.2/Source/retarget_io.c:613:3
	str	r0, [sp, #20]
	b	.LBB3_7
.LBB3_7:
	.loc	1 615 1                         @ C:/Users/aj4775/AppData/Local/arm/packs/Keil/ARM_Compiler/1.7.2/Source/retarget_io.c:615:1
	ldr	r0, [sp, #20]
	.loc	1 615 1 epilogue_begin is_stmt 0 @ C:/Users/aj4775/AppData/Local/arm/packs/Keil/ARM_Compiler/1.7.2/Source/retarget_io.c:615:1
	add	sp, #24
	bx	lr
.Ltmp33:
.Lfunc_end3:
	.size	_sys_read, .Lfunc_end3-_sys_read
	.cfi_endproc
	.cantunwind
	.fnend
                                        @ -- End function
	.section	.text._sys_istty,"ax",%progbits
	.hidden	_sys_istty                      @ -- Begin function _sys_istty
	.weak	_sys_istty
	.p2align	2
	.type	_sys_istty,%function
	.code	16                              @ @_sys_istty
	.thumb_func
_sys_istty:
.Lfunc_begin4:
	.loc	1 670 0 is_stmt 1               @ C:/Users/aj4775/AppData/Local/arm/packs/Keil/ARM_Compiler/1.7.2/Source/retarget_io.c:670:0
	.fnstart
	.cfi_startproc
@ %bb.0:
	.pad	#12
	sub	sp, #12
	.cfi_def_cfa_offset 12
	str	r0, [sp, #4]
.Ltmp34:
	.loc	1 672 11 prologue_end           @ C:/Users/aj4775/AppData/Local/arm/packs/Keil/ARM_Compiler/1.7.2/Source/retarget_io.c:672:11
	ldr	r0, [sp, #4]
	str	r0, [sp]                        @ 4-byte Spill
	movw	r1, #32769
	.loc	1 672 3 is_stmt 0               @ C:/Users/aj4775/AppData/Local/arm/packs/Keil/ARM_Compiler/1.7.2/Source/retarget_io.c:672:3
	cmp	r0, r1
	beq	.LBB4_3
	b	.LBB4_1
.LBB4_1:
	.loc	1 0 3                           @ C:/Users/aj4775/AppData/Local/arm/packs/Keil/ARM_Compiler/1.7.2/Source/retarget_io.c:0:3
	ldr	r0, [sp]                        @ 4-byte Reload
	movw	r1, #32770
	.loc	1 672 3                         @ C:/Users/aj4775/AppData/Local/arm/packs/Keil/ARM_Compiler/1.7.2/Source/retarget_io.c:672:3
	cmp	r0, r1
	beq	.LBB4_4
	b	.LBB4_2
.LBB4_2:
	.loc	1 0 3                           @ C:/Users/aj4775/AppData/Local/arm/packs/Keil/ARM_Compiler/1.7.2/Source/retarget_io.c:0:3
	ldr	r0, [sp]                        @ 4-byte Reload
	movw	r1, #32771
	.loc	1 672 3                         @ C:/Users/aj4775/AppData/Local/arm/packs/Keil/ARM_Compiler/1.7.2/Source/retarget_io.c:672:3
	cmp	r0, r1
	beq	.LBB4_5
	b	.LBB4_6
.LBB4_3:
	.loc	1 0 3                           @ C:/Users/aj4775/AppData/Local/arm/packs/Keil/ARM_Compiler/1.7.2/Source/retarget_io.c:0:3
	movs	r0, #1
.Ltmp35:
	.loc	1 674 7 is_stmt 1               @ C:/Users/aj4775/AppData/Local/arm/packs/Keil/ARM_Compiler/1.7.2/Source/retarget_io.c:674:7
	str	r0, [sp, #8]
	b	.LBB4_7
.LBB4_4:
	.loc	1 0 7 is_stmt 0                 @ C:/Users/aj4775/AppData/Local/arm/packs/Keil/ARM_Compiler/1.7.2/Source/retarget_io.c:0:7
	movs	r0, #1
	.loc	1 676 7 is_stmt 1               @ C:/Users/aj4775/AppData/Local/arm/packs/Keil/ARM_Compiler/1.7.2/Source/retarget_io.c:676:7
	str	r0, [sp, #8]
	b	.LBB4_7
.LBB4_5:
	.loc	1 0 7 is_stmt 0                 @ C:/Users/aj4775/AppData/Local/arm/packs/Keil/ARM_Compiler/1.7.2/Source/retarget_io.c:0:7
	movs	r0, #1
	.loc	1 678 7 is_stmt 1               @ C:/Users/aj4775/AppData/Local/arm/packs/Keil/ARM_Compiler/1.7.2/Source/retarget_io.c:678:7
	str	r0, [sp, #8]
	b	.LBB4_7
.Ltmp36:
.LBB4_6:
	.loc	1 0 7 is_stmt 0                 @ C:/Users/aj4775/AppData/Local/arm/packs/Keil/ARM_Compiler/1.7.2/Source/retarget_io.c:0:7
	movs	r0, #0
	.loc	1 681 3 is_stmt 1               @ C:/Users/aj4775/AppData/Local/arm/packs/Keil/ARM_Compiler/1.7.2/Source/retarget_io.c:681:3
	str	r0, [sp, #8]
	b	.LBB4_7
.LBB4_7:
	.loc	1 682 1                         @ C:/Users/aj4775/AppData/Local/arm/packs/Keil/ARM_Compiler/1.7.2/Source/retarget_io.c:682:1
	ldr	r0, [sp, #8]
	.loc	1 682 1 epilogue_begin is_stmt 0 @ C:/Users/aj4775/AppData/Local/arm/packs/Keil/ARM_Compiler/1.7.2/Source/retarget_io.c:682:1
	add	sp, #12
	bx	lr
.Ltmp37:
.Lfunc_end4:
	.size	_sys_istty, .Lfunc_end4-_sys_istty
	.cfi_endproc
	.cantunwind
	.fnend
                                        @ -- End function
	.section	.text._sys_seek,"ax",%progbits
	.hidden	_sys_seek                       @ -- Begin function _sys_seek
	.weak	_sys_seek
	.p2align	2
	.type	_sys_seek,%function
	.code	16                              @ @_sys_seek
	.thumb_func
_sys_seek:
.Lfunc_begin5:
	.loc	1 702 0 is_stmt 1               @ C:/Users/aj4775/AppData/Local/arm/packs/Keil/ARM_Compiler/1.7.2/Source/retarget_io.c:702:0
	.fnstart
	.cfi_startproc
@ %bb.0:
	.pad	#16
	sub	sp, #16
	.cfi_def_cfa_offset 16
	str	r0, [sp, #8]
	str	r1, [sp, #4]
.Ltmp38:
	.loc	1 707 11 prologue_end           @ C:/Users/aj4775/AppData/Local/arm/packs/Keil/ARM_Compiler/1.7.2/Source/retarget_io.c:707:11
	ldr	r0, [sp, #8]
	str	r0, [sp]                        @ 4-byte Spill
	movw	r1, #32769
	.loc	1 707 3 is_stmt 0               @ C:/Users/aj4775/AppData/Local/arm/packs/Keil/ARM_Compiler/1.7.2/Source/retarget_io.c:707:3
	cmp	r0, r1
	beq	.LBB5_3
	b	.LBB5_1
.LBB5_1:
	.loc	1 0 3                           @ C:/Users/aj4775/AppData/Local/arm/packs/Keil/ARM_Compiler/1.7.2/Source/retarget_io.c:0:3
	ldr	r0, [sp]                        @ 4-byte Reload
	movw	r1, #32770
	.loc	1 707 3                         @ C:/Users/aj4775/AppData/Local/arm/packs/Keil/ARM_Compiler/1.7.2/Source/retarget_io.c:707:3
	cmp	r0, r1
	beq	.LBB5_4
	b	.LBB5_2
.LBB5_2:
	.loc	1 0 3                           @ C:/Users/aj4775/AppData/Local/arm/packs/Keil/ARM_Compiler/1.7.2/Source/retarget_io.c:0:3
	ldr	r0, [sp]                        @ 4-byte Reload
	movw	r1, #32771
	.loc	1 707 3                         @ C:/Users/aj4775/AppData/Local/arm/packs/Keil/ARM_Compiler/1.7.2/Source/retarget_io.c:707:3
	cmp	r0, r1
	beq	.LBB5_5
	b	.LBB5_6
.LBB5_3:
	.loc	1 0 3                           @ C:/Users/aj4775/AppData/Local/arm/packs/Keil/ARM_Compiler/1.7.2/Source/retarget_io.c:0:3
	mov.w	r0, #-1
.Ltmp39:
	.loc	1 709 7 is_stmt 1               @ C:/Users/aj4775/AppData/Local/arm/packs/Keil/ARM_Compiler/1.7.2/Source/retarget_io.c:709:7
	str	r0, [sp, #12]
	b	.LBB5_7
.LBB5_4:
	.loc	1 0 7 is_stmt 0                 @ C:/Users/aj4775/AppData/Local/arm/packs/Keil/ARM_Compiler/1.7.2/Source/retarget_io.c:0:7
	mov.w	r0, #-1
	.loc	1 711 7 is_stmt 1               @ C:/Users/aj4775/AppData/Local/arm/packs/Keil/ARM_Compiler/1.7.2/Source/retarget_io.c:711:7
	str	r0, [sp, #12]
	b	.LBB5_7
.LBB5_5:
	.loc	1 0 7 is_stmt 0                 @ C:/Users/aj4775/AppData/Local/arm/packs/Keil/ARM_Compiler/1.7.2/Source/retarget_io.c:0:7
	mov.w	r0, #-1
	.loc	1 713 7 is_stmt 1               @ C:/Users/aj4775/AppData/Local/arm/packs/Keil/ARM_Compiler/1.7.2/Source/retarget_io.c:713:7
	str	r0, [sp, #12]
	b	.LBB5_7
.Ltmp40:
.LBB5_6:
	.loc	1 0 7 is_stmt 0                 @ C:/Users/aj4775/AppData/Local/arm/packs/Keil/ARM_Compiler/1.7.2/Source/retarget_io.c:0:7
	mov.w	r0, #-1
	.loc	1 721 3 is_stmt 1               @ C:/Users/aj4775/AppData/Local/arm/packs/Keil/ARM_Compiler/1.7.2/Source/retarget_io.c:721:3
	str	r0, [sp, #12]
	b	.LBB5_7
.LBB5_7:
	.loc	1 723 1                         @ C:/Users/aj4775/AppData/Local/arm/packs/Keil/ARM_Compiler/1.7.2/Source/retarget_io.c:723:1
	ldr	r0, [sp, #12]
	.loc	1 723 1 epilogue_begin is_stmt 0 @ C:/Users/aj4775/AppData/Local/arm/packs/Keil/ARM_Compiler/1.7.2/Source/retarget_io.c:723:1
	add	sp, #16
	bx	lr
.Ltmp41:
.Lfunc_end5:
	.size	_sys_seek, .Lfunc_end5-_sys_seek
	.cfi_endproc
	.cantunwind
	.fnend
                                        @ -- End function
	.section	.text._sys_flen,"ax",%progbits
	.hidden	_sys_flen                       @ -- Begin function _sys_flen
	.weak	_sys_flen
	.p2align	2
	.type	_sys_flen,%function
	.code	16                              @ @_sys_flen
	.thumb_func
_sys_flen:
.Lfunc_begin6:
	.loc	1 744 0 is_stmt 1               @ C:/Users/aj4775/AppData/Local/arm/packs/Keil/ARM_Compiler/1.7.2/Source/retarget_io.c:744:0
	.fnstart
	.cfi_startproc
@ %bb.0:
	.pad	#12
	sub	sp, #12
	.cfi_def_cfa_offset 12
	str	r0, [sp, #4]
.Ltmp42:
	.loc	1 746 11 prologue_end           @ C:/Users/aj4775/AppData/Local/arm/packs/Keil/ARM_Compiler/1.7.2/Source/retarget_io.c:746:11
	ldr	r0, [sp, #4]
	str	r0, [sp]                        @ 4-byte Spill
	movw	r1, #32769
	.loc	1 746 3 is_stmt 0               @ C:/Users/aj4775/AppData/Local/arm/packs/Keil/ARM_Compiler/1.7.2/Source/retarget_io.c:746:3
	cmp	r0, r1
	beq	.LBB6_3
	b	.LBB6_1
.LBB6_1:
	.loc	1 0 3                           @ C:/Users/aj4775/AppData/Local/arm/packs/Keil/ARM_Compiler/1.7.2/Source/retarget_io.c:0:3
	ldr	r0, [sp]                        @ 4-byte Reload
	movw	r1, #32770
	.loc	1 746 3                         @ C:/Users/aj4775/AppData/Local/arm/packs/Keil/ARM_Compiler/1.7.2/Source/retarget_io.c:746:3
	cmp	r0, r1
	beq	.LBB6_4
	b	.LBB6_2
.LBB6_2:
	.loc	1 0 3                           @ C:/Users/aj4775/AppData/Local/arm/packs/Keil/ARM_Compiler/1.7.2/Source/retarget_io.c:0:3
	ldr	r0, [sp]                        @ 4-byte Reload
	movw	r1, #32771
	.loc	1 746 3                         @ C:/Users/aj4775/AppData/Local/arm/packs/Keil/ARM_Compiler/1.7.2/Source/retarget_io.c:746:3
	cmp	r0, r1
	beq	.LBB6_5
	b	.LBB6_6
.LBB6_3:
	.loc	1 0 3                           @ C:/Users/aj4775/AppData/Local/arm/packs/Keil/ARM_Compiler/1.7.2/Source/retarget_io.c:0:3
	movs	r0, #0
.Ltmp43:
	.loc	1 748 7 is_stmt 1               @ C:/Users/aj4775/AppData/Local/arm/packs/Keil/ARM_Compiler/1.7.2/Source/retarget_io.c:748:7
	str	r0, [sp, #8]
	b	.LBB6_7
.LBB6_4:
	.loc	1 0 7 is_stmt 0                 @ C:/Users/aj4775/AppData/Local/arm/packs/Keil/ARM_Compiler/1.7.2/Source/retarget_io.c:0:7
	movs	r0, #0
	.loc	1 750 7 is_stmt 1               @ C:/Users/aj4775/AppData/Local/arm/packs/Keil/ARM_Compiler/1.7.2/Source/retarget_io.c:750:7
	str	r0, [sp, #8]
	b	.LBB6_7
.LBB6_5:
	.loc	1 0 7 is_stmt 0                 @ C:/Users/aj4775/AppData/Local/arm/packs/Keil/ARM_Compiler/1.7.2/Source/retarget_io.c:0:7
	movs	r0, #0
	.loc	1 752 7 is_stmt 1               @ C:/Users/aj4775/AppData/Local/arm/packs/Keil/ARM_Compiler/1.7.2/Source/retarget_io.c:752:7
	str	r0, [sp, #8]
	b	.LBB6_7
.Ltmp44:
.LBB6_6:
	.loc	1 0 7 is_stmt 0                 @ C:/Users/aj4775/AppData/Local/arm/packs/Keil/ARM_Compiler/1.7.2/Source/retarget_io.c:0:7
	movs	r0, #0
	.loc	1 760 3 is_stmt 1               @ C:/Users/aj4775/AppData/Local/arm/packs/Keil/ARM_Compiler/1.7.2/Source/retarget_io.c:760:3
	str	r0, [sp, #8]
	b	.LBB6_7
.LBB6_7:
	.loc	1 762 1                         @ C:/Users/aj4775/AppData/Local/arm/packs/Keil/ARM_Compiler/1.7.2/Source/retarget_io.c:762:1
	ldr	r0, [sp, #8]
	.loc	1 762 1 epilogue_begin is_stmt 0 @ C:/Users/aj4775/AppData/Local/arm/packs/Keil/ARM_Compiler/1.7.2/Source/retarget_io.c:762:1
	add	sp, #12
	bx	lr
.Ltmp45:
.Lfunc_end6:
	.size	_sys_flen, .Lfunc_end6-_sys_flen
	.cfi_endproc
	.cantunwind
	.fnend
                                        @ -- End function
	.hidden	__stdin_name                    @ @__stdin_name
	.type	__stdin_name,%object
	.section	.rodata.__stdin_name,"a",%progbits
	.globl	__stdin_name
__stdin_name:
	.asciz	":STDIN"
	.size	__stdin_name, 7

	.hidden	__stdout_name                   @ @__stdout_name
	.type	__stdout_name,%object
	.section	.rodata.__stdout_name,"a",%progbits
	.globl	__stdout_name
__stdout_name:
	.asciz	":STDOUT"
	.size	__stdout_name, 8

	.hidden	__stderr_name                   @ @__stderr_name
	.type	__stderr_name,%object
	.section	.rodata.__stderr_name,"a",%progbits
	.globl	__stderr_name
__stderr_name:
	.asciz	":STDERR"
	.size	__stderr_name, 8

	.type	.L.str,%object                  @ @.str
	.section	.rodata.str1.1,"aMS",%progbits,1
.L.str:
	.asciz	":STDIN"
	.size	.L.str, 7

	.type	.L.str.1,%object                @ @.str.1
.L.str.1:
	.asciz	":STDOUT"
	.size	.L.str.1, 8

	.type	.L.str.2,%object                @ @.str.2
.L.str.2:
	.asciz	":STDERR"
	.size	.L.str.2, 8

	.file	2 "C:\\Users\\aj4775\\AppData\\Local\\Keil_v5\\ARM\\ARMCLANG\\bin\\..\\include" "rt_sys.h"
	.file	3 "C:\\Users\\aj4775\\AppData\\Local\\Keil_v5\\ARM\\ARMCLANG\\bin\\..\\include" "stdint.h"
	.section	.debug_abbrev,"",%progbits
	.byte	1                               @ Abbreviation Code
	.byte	17                              @ DW_TAG_compile_unit
	.byte	1                               @ DW_CHILDREN_yes
	.byte	37                              @ DW_AT_producer
	.byte	14                              @ DW_FORM_strp
	.byte	19                              @ DW_AT_language
	.byte	5                               @ DW_FORM_data2
	.byte	3                               @ DW_AT_name
	.byte	14                              @ DW_FORM_strp
	.byte	16                              @ DW_AT_stmt_list
	.byte	23                              @ DW_FORM_sec_offset
	.byte	27                              @ DW_AT_comp_dir
	.byte	14                              @ DW_FORM_strp
	.byte	17                              @ DW_AT_low_pc
	.byte	1                               @ DW_FORM_addr
	.byte	85                              @ DW_AT_ranges
	.byte	23                              @ DW_FORM_sec_offset
	.byte	0                               @ EOM(1)
	.byte	0                               @ EOM(2)
	.byte	2                               @ Abbreviation Code
	.byte	52                              @ DW_TAG_variable
	.byte	0                               @ DW_CHILDREN_no
	.byte	3                               @ DW_AT_name
	.byte	14                              @ DW_FORM_strp
	.byte	73                              @ DW_AT_type
	.byte	19                              @ DW_FORM_ref4
	.byte	63                              @ DW_AT_external
	.byte	25                              @ DW_FORM_flag_present
	.byte	58                              @ DW_AT_decl_file
	.byte	11                              @ DW_FORM_data1
	.byte	59                              @ DW_AT_decl_line
	.byte	5                               @ DW_FORM_data2
	.byte	2                               @ DW_AT_location
	.byte	24                              @ DW_FORM_exprloc
	.byte	0                               @ EOM(1)
	.byte	0                               @ EOM(2)
	.byte	3                               @ Abbreviation Code
	.byte	1                               @ DW_TAG_array_type
	.byte	1                               @ DW_CHILDREN_yes
	.byte	73                              @ DW_AT_type
	.byte	19                              @ DW_FORM_ref4
	.byte	0                               @ EOM(1)
	.byte	0                               @ EOM(2)
	.byte	4                               @ Abbreviation Code
	.byte	33                              @ DW_TAG_subrange_type
	.byte	0                               @ DW_CHILDREN_no
	.byte	73                              @ DW_AT_type
	.byte	19                              @ DW_FORM_ref4
	.byte	55                              @ DW_AT_count
	.byte	11                              @ DW_FORM_data1
	.byte	0                               @ EOM(1)
	.byte	0                               @ EOM(2)
	.byte	5                               @ Abbreviation Code
	.byte	38                              @ DW_TAG_const_type
	.byte	0                               @ DW_CHILDREN_no
	.byte	73                              @ DW_AT_type
	.byte	19                              @ DW_FORM_ref4
	.byte	0                               @ EOM(1)
	.byte	0                               @ EOM(2)
	.byte	6                               @ Abbreviation Code
	.byte	36                              @ DW_TAG_base_type
	.byte	0                               @ DW_CHILDREN_no
	.byte	3                               @ DW_AT_name
	.byte	14                              @ DW_FORM_strp
	.byte	62                              @ DW_AT_encoding
	.byte	11                              @ DW_FORM_data1
	.byte	11                              @ DW_AT_byte_size
	.byte	11                              @ DW_FORM_data1
	.byte	0                               @ EOM(1)
	.byte	0                               @ EOM(2)
	.byte	7                               @ Abbreviation Code
	.byte	36                              @ DW_TAG_base_type
	.byte	0                               @ DW_CHILDREN_no
	.byte	3                               @ DW_AT_name
	.byte	14                              @ DW_FORM_strp
	.byte	11                              @ DW_AT_byte_size
	.byte	11                              @ DW_FORM_data1
	.byte	62                              @ DW_AT_encoding
	.byte	11                              @ DW_FORM_data1
	.byte	0                               @ EOM(1)
	.byte	0                               @ EOM(2)
	.byte	8                               @ Abbreviation Code
	.byte	52                              @ DW_TAG_variable
	.byte	0                               @ DW_CHILDREN_no
	.byte	73                              @ DW_AT_type
	.byte	19                              @ DW_FORM_ref4
	.byte	58                              @ DW_AT_decl_file
	.byte	11                              @ DW_FORM_data1
	.byte	59                              @ DW_AT_decl_line
	.byte	5                               @ DW_FORM_data2
	.byte	2                               @ DW_AT_location
	.byte	24                              @ DW_FORM_exprloc
	.byte	0                               @ EOM(1)
	.byte	0                               @ EOM(2)
	.byte	9                               @ Abbreviation Code
	.byte	46                              @ DW_TAG_subprogram
	.byte	1                               @ DW_CHILDREN_yes
	.byte	17                              @ DW_AT_low_pc
	.byte	1                               @ DW_FORM_addr
	.byte	18                              @ DW_AT_high_pc
	.byte	6                               @ DW_FORM_data4
	.byte	64                              @ DW_AT_frame_base
	.byte	24                              @ DW_FORM_exprloc
	.byte	3                               @ DW_AT_name
	.byte	14                              @ DW_FORM_strp
	.byte	58                              @ DW_AT_decl_file
	.byte	11                              @ DW_FORM_data1
	.byte	59                              @ DW_AT_decl_line
	.byte	5                               @ DW_FORM_data2
	.byte	39                              @ DW_AT_prototyped
	.byte	25                              @ DW_FORM_flag_present
	.byte	73                              @ DW_AT_type
	.byte	19                              @ DW_FORM_ref4
	.byte	63                              @ DW_AT_external
	.byte	25                              @ DW_FORM_flag_present
	.byte	0                               @ EOM(1)
	.byte	0                               @ EOM(2)
	.byte	10                              @ Abbreviation Code
	.byte	5                               @ DW_TAG_formal_parameter
	.byte	0                               @ DW_CHILDREN_no
	.byte	2                               @ DW_AT_location
	.byte	24                              @ DW_FORM_exprloc
	.byte	3                               @ DW_AT_name
	.byte	14                              @ DW_FORM_strp
	.byte	58                              @ DW_AT_decl_file
	.byte	11                              @ DW_FORM_data1
	.byte	59                              @ DW_AT_decl_line
	.byte	5                               @ DW_FORM_data2
	.byte	73                              @ DW_AT_type
	.byte	19                              @ DW_FORM_ref4
	.byte	0                               @ EOM(1)
	.byte	0                               @ EOM(2)
	.byte	11                              @ Abbreviation Code
	.byte	52                              @ DW_TAG_variable
	.byte	0                               @ DW_CHILDREN_no
	.byte	2                               @ DW_AT_location
	.byte	24                              @ DW_FORM_exprloc
	.byte	3                               @ DW_AT_name
	.byte	14                              @ DW_FORM_strp
	.byte	58                              @ DW_AT_decl_file
	.byte	11                              @ DW_FORM_data1
	.byte	59                              @ DW_AT_decl_line
	.byte	5                               @ DW_FORM_data2
	.byte	73                              @ DW_AT_type
	.byte	19                              @ DW_FORM_ref4
	.byte	0                               @ EOM(1)
	.byte	0                               @ EOM(2)
	.byte	12                              @ Abbreviation Code
	.byte	22                              @ DW_TAG_typedef
	.byte	0                               @ DW_CHILDREN_no
	.byte	73                              @ DW_AT_type
	.byte	19                              @ DW_FORM_ref4
	.byte	3                               @ DW_AT_name
	.byte	14                              @ DW_FORM_strp
	.byte	58                              @ DW_AT_decl_file
	.byte	11                              @ DW_FORM_data1
	.byte	59                              @ DW_AT_decl_line
	.byte	11                              @ DW_FORM_data1
	.byte	0                               @ EOM(1)
	.byte	0                               @ EOM(2)
	.byte	13                              @ Abbreviation Code
	.byte	15                              @ DW_TAG_pointer_type
	.byte	0                               @ DW_CHILDREN_no
	.byte	73                              @ DW_AT_type
	.byte	19                              @ DW_FORM_ref4
	.byte	0                               @ EOM(1)
	.byte	0                               @ EOM(2)
	.byte	0                               @ EOM(3)
	.section	.debug_info,"",%progbits
.Lcu_begin0:
	.long	.Ldebug_info_end0-.Ldebug_info_start0 @ Length of Unit
.Ldebug_info_start0:
	.short	4                               @ DWARF version number
	.long	.debug_abbrev                   @ Offset Into Abbrev. Section
	.byte	4                               @ Address Size (in bytes)
	.byte	1                               @ Abbrev [1] 0xb:0x2a1 DW_TAG_compile_unit
	.long	.Linfo_string0                  @ DW_AT_producer
	.short	29                              @ DW_AT_language
	.long	.Linfo_string1                  @ DW_AT_name
	.long	.Lline_table_start0             @ DW_AT_stmt_list
	.long	.Linfo_string2                  @ DW_AT_comp_dir
	.long	0                               @ DW_AT_low_pc
	.long	.Ldebug_ranges0                 @ DW_AT_ranges
	.byte	2                               @ Abbrev [2] 0x26:0x12 DW_TAG_variable
	.long	.Linfo_string3                  @ DW_AT_name
	.long	56                              @ DW_AT_type
                                        @ DW_AT_external
	.byte	1                               @ DW_AT_decl_file
	.short	389                             @ DW_AT_decl_line
	.byte	5                               @ DW_AT_location
	.byte	3
	.long	__stdin_name
	.byte	3                               @ Abbrev [3] 0x38:0xc DW_TAG_array_type
	.long	68                              @ DW_AT_type
	.byte	4                               @ Abbrev [4] 0x3d:0x6 DW_TAG_subrange_type
	.long	80                              @ DW_AT_type
	.byte	7                               @ DW_AT_count
	.byte	0                               @ End Of Children Mark
	.byte	5                               @ Abbrev [5] 0x44:0x5 DW_TAG_const_type
	.long	73                              @ DW_AT_type
	.byte	6                               @ Abbrev [6] 0x49:0x7 DW_TAG_base_type
	.long	.Linfo_string4                  @ DW_AT_name
	.byte	8                               @ DW_AT_encoding
	.byte	1                               @ DW_AT_byte_size
	.byte	7                               @ Abbrev [7] 0x50:0x7 DW_TAG_base_type
	.long	.Linfo_string5                  @ DW_AT_name
	.byte	8                               @ DW_AT_byte_size
	.byte	7                               @ DW_AT_encoding
	.byte	2                               @ Abbrev [2] 0x57:0x12 DW_TAG_variable
	.long	.Linfo_string6                  @ DW_AT_name
	.long	105                             @ DW_AT_type
                                        @ DW_AT_external
	.byte	1                               @ DW_AT_decl_file
	.short	390                             @ DW_AT_decl_line
	.byte	5                               @ DW_AT_location
	.byte	3
	.long	__stdout_name
	.byte	3                               @ Abbrev [3] 0x69:0xc DW_TAG_array_type
	.long	68                              @ DW_AT_type
	.byte	4                               @ Abbrev [4] 0x6e:0x6 DW_TAG_subrange_type
	.long	80                              @ DW_AT_type
	.byte	8                               @ DW_AT_count
	.byte	0                               @ End Of Children Mark
	.byte	2                               @ Abbrev [2] 0x75:0x12 DW_TAG_variable
	.long	.Linfo_string7                  @ DW_AT_name
	.long	105                             @ DW_AT_type
                                        @ DW_AT_external
	.byte	1                               @ DW_AT_decl_file
	.short	391                             @ DW_AT_decl_line
	.byte	5                               @ DW_AT_location
	.byte	3
	.long	__stderr_name
	.byte	8                               @ Abbrev [8] 0x87:0xe DW_TAG_variable
	.long	149                             @ DW_AT_type
	.byte	1                               @ DW_AT_decl_file
	.short	423                             @ DW_AT_decl_line
	.byte	5                               @ DW_AT_location
	.byte	3
	.long	.L.str
	.byte	3                               @ Abbrev [3] 0x95:0xc DW_TAG_array_type
	.long	73                              @ DW_AT_type
	.byte	4                               @ Abbrev [4] 0x9a:0x6 DW_TAG_subrange_type
	.long	80                              @ DW_AT_type
	.byte	7                               @ DW_AT_count
	.byte	0                               @ End Of Children Mark
	.byte	8                               @ Abbrev [8] 0xa1:0xe DW_TAG_variable
	.long	175                             @ DW_AT_type
	.byte	1                               @ DW_AT_decl_file
	.short	426                             @ DW_AT_decl_line
	.byte	5                               @ DW_AT_location
	.byte	3
	.long	.L.str.1
	.byte	3                               @ Abbrev [3] 0xaf:0xc DW_TAG_array_type
	.long	73                              @ DW_AT_type
	.byte	4                               @ Abbrev [4] 0xb4:0x6 DW_TAG_subrange_type
	.long	80                              @ DW_AT_type
	.byte	8                               @ DW_AT_count
	.byte	0                               @ End Of Children Mark
	.byte	8                               @ Abbrev [8] 0xbb:0xe DW_TAG_variable
	.long	175                             @ DW_AT_type
	.byte	1                               @ DW_AT_decl_file
	.short	429                             @ DW_AT_decl_line
	.byte	5                               @ DW_AT_location
	.byte	3
	.long	.L.str.2
	.byte	6                               @ Abbrev [6] 0xc9:0x7 DW_TAG_base_type
	.long	.Linfo_string8                  @ DW_AT_name
	.byte	5                               @ DW_AT_encoding
	.byte	4                               @ DW_AT_byte_size
	.byte	9                               @ Abbrev [9] 0xd0:0x35 DW_TAG_subprogram
	.long	.Lfunc_begin0                   @ DW_AT_low_pc
	.long	.Lfunc_end0-.Lfunc_begin0       @ DW_AT_high_pc
	.byte	1                               @ DW_AT_frame_base
	.byte	93
	.long	.Linfo_string9                  @ DW_AT_name
	.byte	1                               @ DW_AT_decl_file
	.short	413                             @ DW_AT_decl_line
                                        @ DW_AT_prototyped
	.long	609                             @ DW_AT_type
                                        @ DW_AT_external
	.byte	10                              @ Abbrev [10] 0xe6:0xf DW_TAG_formal_parameter
	.byte	2                               @ DW_AT_location
	.byte	145
	.byte	8
	.long	.Linfo_string18                 @ DW_AT_name
	.byte	1                               @ DW_AT_decl_file
	.short	413                             @ DW_AT_decl_line
	.long	627                             @ DW_AT_type
	.byte	10                              @ Abbrev [10] 0xf5:0xf DW_TAG_formal_parameter
	.byte	2                               @ DW_AT_location
	.byte	145
	.byte	4
	.long	.Linfo_string19                 @ DW_AT_name
	.byte	1                               @ DW_AT_decl_file
	.short	413                             @ DW_AT_decl_line
	.long	201                             @ DW_AT_type
	.byte	0                               @ End Of Children Mark
	.byte	9                               @ Abbrev [9] 0x105:0x26 DW_TAG_subprogram
	.long	.Lfunc_begin1                   @ DW_AT_low_pc
	.long	.Lfunc_end1-.Lfunc_begin1       @ DW_AT_high_pc
	.byte	1                               @ DW_AT_frame_base
	.byte	93
	.long	.Linfo_string11                 @ DW_AT_name
	.byte	1                               @ DW_AT_decl_file
	.short	459                             @ DW_AT_decl_line
                                        @ DW_AT_prototyped
	.long	201                             @ DW_AT_type
                                        @ DW_AT_external
	.byte	10                              @ Abbrev [10] 0x11b:0xf DW_TAG_formal_parameter
	.byte	2                               @ DW_AT_location
	.byte	145
	.byte	4
	.long	.Linfo_string20                 @ DW_AT_name
	.byte	1                               @ DW_AT_decl_file
	.short	459                             @ DW_AT_decl_line
	.long	609                             @ DW_AT_type
	.byte	0                               @ End Of Children Mark
	.byte	9                               @ Abbrev [9] 0x12b:0x62 DW_TAG_subprogram
	.long	.Lfunc_begin2                   @ DW_AT_low_pc
	.long	.Lfunc_end2-.Lfunc_begin2       @ DW_AT_high_pc
	.byte	1                               @ DW_AT_frame_base
	.byte	93
	.long	.Linfo_string12                 @ DW_AT_name
	.byte	1                               @ DW_AT_decl_file
	.short	501                             @ DW_AT_decl_line
                                        @ DW_AT_prototyped
	.long	201                             @ DW_AT_type
                                        @ DW_AT_external
	.byte	10                              @ Abbrev [10] 0x141:0xf DW_TAG_formal_parameter
	.byte	2                               @ DW_AT_location
	.byte	145
	.byte	24
	.long	.Linfo_string20                 @ DW_AT_name
	.byte	1                               @ DW_AT_decl_file
	.short	501                             @ DW_AT_decl_line
	.long	609                             @ DW_AT_type
	.byte	10                              @ Abbrev [10] 0x150:0xf DW_TAG_formal_parameter
	.byte	2                               @ DW_AT_location
	.byte	145
	.byte	20
	.long	.Linfo_string21                 @ DW_AT_name
	.byte	1                               @ DW_AT_decl_file
	.short	501                             @ DW_AT_decl_line
	.long	632                             @ DW_AT_type
	.byte	10                              @ Abbrev [10] 0x15f:0xf DW_TAG_formal_parameter
	.byte	2                               @ DW_AT_location
	.byte	145
	.byte	16
	.long	.Linfo_string24                 @ DW_AT_name
	.byte	1                               @ DW_AT_decl_file
	.short	501                             @ DW_AT_decl_line
	.long	660                             @ DW_AT_type
	.byte	10                              @ Abbrev [10] 0x16e:0xf DW_TAG_formal_parameter
	.byte	2                               @ DW_AT_location
	.byte	145
	.byte	12
	.long	.Linfo_string27                 @ DW_AT_name
	.byte	1                               @ DW_AT_decl_file
	.short	501                             @ DW_AT_decl_line
	.long	201                             @ DW_AT_type
	.byte	11                              @ Abbrev [11] 0x17d:0xf DW_TAG_variable
	.byte	2                               @ DW_AT_location
	.byte	145
	.byte	8
	.long	.Linfo_string28                 @ DW_AT_name
	.byte	1                               @ DW_AT_decl_file
	.short	503                             @ DW_AT_decl_line
	.long	201                             @ DW_AT_type
	.byte	0                               @ End Of Children Mark
	.byte	9                               @ Abbrev [9] 0x18d:0x53 DW_TAG_subprogram
	.long	.Lfunc_begin3                   @ DW_AT_low_pc
	.long	.Lfunc_end3-.Lfunc_begin3       @ DW_AT_high_pc
	.byte	1                               @ DW_AT_frame_base
	.byte	93
	.long	.Linfo_string13                 @ DW_AT_name
	.byte	1                               @ DW_AT_decl_file
	.short	577                             @ DW_AT_decl_line
                                        @ DW_AT_prototyped
	.long	201                             @ DW_AT_type
                                        @ DW_AT_external
	.byte	10                              @ Abbrev [10] 0x1a3:0xf DW_TAG_formal_parameter
	.byte	2                               @ DW_AT_location
	.byte	145
	.byte	16
	.long	.Linfo_string20                 @ DW_AT_name
	.byte	1                               @ DW_AT_decl_file
	.short	577                             @ DW_AT_decl_line
	.long	609                             @ DW_AT_type
	.byte	10                              @ Abbrev [10] 0x1b2:0xf DW_TAG_formal_parameter
	.byte	2                               @ DW_AT_location
	.byte	145
	.byte	12
	.long	.Linfo_string21                 @ DW_AT_name
	.byte	1                               @ DW_AT_decl_file
	.short	577                             @ DW_AT_decl_line
	.long	678                             @ DW_AT_type
	.byte	10                              @ Abbrev [10] 0x1c1:0xf DW_TAG_formal_parameter
	.byte	2                               @ DW_AT_location
	.byte	145
	.byte	8
	.long	.Linfo_string24                 @ DW_AT_name
	.byte	1                               @ DW_AT_decl_file
	.short	577                             @ DW_AT_decl_line
	.long	660                             @ DW_AT_type
	.byte	10                              @ Abbrev [10] 0x1d0:0xf DW_TAG_formal_parameter
	.byte	2                               @ DW_AT_location
	.byte	145
	.byte	4
	.long	.Linfo_string27                 @ DW_AT_name
	.byte	1                               @ DW_AT_decl_file
	.short	577                             @ DW_AT_decl_line
	.long	201                             @ DW_AT_type
	.byte	0                               @ End Of Children Mark
	.byte	9                               @ Abbrev [9] 0x1e0:0x26 DW_TAG_subprogram
	.long	.Lfunc_begin4                   @ DW_AT_low_pc
	.long	.Lfunc_end4-.Lfunc_begin4       @ DW_AT_high_pc
	.byte	1                               @ DW_AT_frame_base
	.byte	93
	.long	.Linfo_string14                 @ DW_AT_name
	.byte	1                               @ DW_AT_decl_file
	.short	670                             @ DW_AT_decl_line
                                        @ DW_AT_prototyped
	.long	201                             @ DW_AT_type
                                        @ DW_AT_external
	.byte	10                              @ Abbrev [10] 0x1f6:0xf DW_TAG_formal_parameter
	.byte	2                               @ DW_AT_location
	.byte	145
	.byte	4
	.long	.Linfo_string20                 @ DW_AT_name
	.byte	1                               @ DW_AT_decl_file
	.short	670                             @ DW_AT_decl_line
	.long	609                             @ DW_AT_type
	.byte	0                               @ End Of Children Mark
	.byte	9                               @ Abbrev [9] 0x206:0x35 DW_TAG_subprogram
	.long	.Lfunc_begin5                   @ DW_AT_low_pc
	.long	.Lfunc_end5-.Lfunc_begin5       @ DW_AT_high_pc
	.byte	1                               @ DW_AT_frame_base
	.byte	93
	.long	.Linfo_string15                 @ DW_AT_name
	.byte	1                               @ DW_AT_decl_file
	.short	702                             @ DW_AT_decl_line
                                        @ DW_AT_prototyped
	.long	201                             @ DW_AT_type
                                        @ DW_AT_external
	.byte	10                              @ Abbrev [10] 0x21c:0xf DW_TAG_formal_parameter
	.byte	2                               @ DW_AT_location
	.byte	145
	.byte	8
	.long	.Linfo_string20                 @ DW_AT_name
	.byte	1                               @ DW_AT_decl_file
	.short	702                             @ DW_AT_decl_line
	.long	609                             @ DW_AT_type
	.byte	10                              @ Abbrev [10] 0x22b:0xf DW_TAG_formal_parameter
	.byte	2                               @ DW_AT_location
	.byte	145
	.byte	4
	.long	.Linfo_string29                 @ DW_AT_name
	.byte	1                               @ DW_AT_decl_file
	.short	702                             @ DW_AT_decl_line
	.long	620                             @ DW_AT_type
	.byte	0                               @ End Of Children Mark
	.byte	9                               @ Abbrev [9] 0x23b:0x26 DW_TAG_subprogram
	.long	.Lfunc_begin6                   @ DW_AT_low_pc
	.long	.Lfunc_end6-.Lfunc_begin6       @ DW_AT_high_pc
	.byte	1                               @ DW_AT_frame_base
	.byte	93
	.long	.Linfo_string16                 @ DW_AT_name
	.byte	1                               @ DW_AT_decl_file
	.short	744                             @ DW_AT_decl_line
                                        @ DW_AT_prototyped
	.long	620                             @ DW_AT_type
                                        @ DW_AT_external
	.byte	10                              @ Abbrev [10] 0x251:0xf DW_TAG_formal_parameter
	.byte	2                               @ DW_AT_location
	.byte	145
	.byte	4
	.long	.Linfo_string20                 @ DW_AT_name
	.byte	1                               @ DW_AT_decl_file
	.short	744                             @ DW_AT_decl_line
	.long	609                             @ DW_AT_type
	.byte	0                               @ End Of Children Mark
	.byte	12                              @ Abbrev [12] 0x261:0xb DW_TAG_typedef
	.long	201                             @ DW_AT_type
	.long	.Linfo_string10                 @ DW_AT_name
	.byte	2                               @ DW_AT_decl_file
	.byte	22                              @ DW_AT_decl_line
	.byte	6                               @ Abbrev [6] 0x26c:0x7 DW_TAG_base_type
	.long	.Linfo_string17                 @ DW_AT_name
	.byte	5                               @ DW_AT_encoding
	.byte	4                               @ DW_AT_byte_size
	.byte	13                              @ Abbrev [13] 0x273:0x5 DW_TAG_pointer_type
	.long	68                              @ DW_AT_type
	.byte	13                              @ Abbrev [13] 0x278:0x5 DW_TAG_pointer_type
	.long	637                             @ DW_AT_type
	.byte	5                               @ Abbrev [5] 0x27d:0x5 DW_TAG_const_type
	.long	642                             @ DW_AT_type
	.byte	12                              @ Abbrev [12] 0x282:0xb DW_TAG_typedef
	.long	653                             @ DW_AT_type
	.long	.Linfo_string23                 @ DW_AT_name
	.byte	3                               @ DW_AT_decl_file
	.byte	62                              @ DW_AT_decl_line
	.byte	6                               @ Abbrev [6] 0x28d:0x7 DW_TAG_base_type
	.long	.Linfo_string22                 @ DW_AT_name
	.byte	8                               @ DW_AT_encoding
	.byte	1                               @ DW_AT_byte_size
	.byte	12                              @ Abbrev [12] 0x294:0xb DW_TAG_typedef
	.long	671                             @ DW_AT_type
	.long	.Linfo_string26                 @ DW_AT_name
	.byte	3                               @ DW_AT_decl_file
	.byte	64                              @ DW_AT_decl_line
	.byte	6                               @ Abbrev [6] 0x29f:0x7 DW_TAG_base_type
	.long	.Linfo_string25                 @ DW_AT_name
	.byte	7                               @ DW_AT_encoding
	.byte	4                               @ DW_AT_byte_size
	.byte	13                              @ Abbrev [13] 0x2a6:0x5 DW_TAG_pointer_type
	.long	642                             @ DW_AT_type
	.byte	0                               @ End Of Children Mark
.Ldebug_info_end0:
	.section	.debug_ranges,"",%progbits
.Ldebug_ranges0:
	.long	.Lfunc_begin0
	.long	.Lfunc_end0
	.long	.Lfunc_begin1
	.long	.Lfunc_end1
	.long	.Lfunc_begin2
	.long	.Lfunc_end2
	.long	.Lfunc_begin3
	.long	.Lfunc_end3
	.long	.Lfunc_begin4
	.long	.Lfunc_end4
	.long	.Lfunc_begin5
	.long	.Lfunc_end5
	.long	.Lfunc_begin6
	.long	.Lfunc_end6
	.long	0
	.long	0
	.section	.debug_str,"MS",%progbits,1
.Linfo_string0:
	.asciz	"Component: Arm Compiler for Embedded 6.22 Tool: armclang [5ee92100]" @ string offset=0
.Linfo_string1:
	.asciz	"C:/Users/aj4775/AppData/Local/arm/packs/Keil/ARM_Compiler/1.7.2/Source\\retarget_io.c" @ string offset=68
.Linfo_string2:
	.asciz	"P:\\Workspace\\Git\\MTB_CFA\\IOTKit_CM33_S_NS\\IOTKit_CM33_s" @ string offset=153
.Linfo_string3:
	.asciz	"__stdin_name"                  @ string offset=209
.Linfo_string4:
	.asciz	"char"                          @ string offset=222
.Linfo_string5:
	.asciz	"__ARRAY_SIZE_TYPE__"           @ string offset=227
.Linfo_string6:
	.asciz	"__stdout_name"                 @ string offset=247
.Linfo_string7:
	.asciz	"__stderr_name"                 @ string offset=261
.Linfo_string8:
	.asciz	"int"                           @ string offset=275
.Linfo_string9:
	.asciz	"_sys_open"                     @ string offset=279
.Linfo_string10:
	.asciz	"FILEHANDLE"                    @ string offset=289
.Linfo_string11:
	.asciz	"_sys_close"                    @ string offset=300
.Linfo_string12:
	.asciz	"_sys_write"                    @ string offset=311
.Linfo_string13:
	.asciz	"_sys_read"                     @ string offset=322
.Linfo_string14:
	.asciz	"_sys_istty"                    @ string offset=332
.Linfo_string15:
	.asciz	"_sys_seek"                     @ string offset=343
.Linfo_string16:
	.asciz	"_sys_flen"                     @ string offset=353
.Linfo_string17:
	.asciz	"long"                          @ string offset=363
.Linfo_string18:
	.asciz	"name"                          @ string offset=368
.Linfo_string19:
	.asciz	"openmode"                      @ string offset=373
.Linfo_string20:
	.asciz	"fh"                            @ string offset=382
.Linfo_string21:
	.asciz	"buf"                           @ string offset=385
.Linfo_string22:
	.asciz	"unsigned char"                 @ string offset=389
.Linfo_string23:
	.asciz	"uint8_t"                       @ string offset=403
.Linfo_string24:
	.asciz	"len"                           @ string offset=411
.Linfo_string25:
	.asciz	"unsigned int"                  @ string offset=415
.Linfo_string26:
	.asciz	"uint32_t"                      @ string offset=428
.Linfo_string27:
	.asciz	"mode"                          @ string offset=437
.Linfo_string28:
	.asciz	"ch"                            @ string offset=442
.Linfo_string29:
	.asciz	"pos"                           @ string offset=445
	.ident	"Component: Arm Compiler for Embedded 6.22 Tool: armclang [5ee92100]"
	.section	".note.GNU-stack","",%progbits
	.eabi_attribute	30, 6	@ Tag_ABI_optimization_goals
	.ARM_attribute	16, 1	@ Tag_AV_eba
	.section	.debug_line,"",%progbits
.Lline_table_start0:
