	.text
	.syntax unified
	.eabi_attribute	67, "2.09"	@ Tag_conformance
	.cpu	cortex-m33
	.eabi_attribute	6, 17	@ Tag_CPU_arch
	.eabi_attribute	7, 77	@ Tag_CPU_arch_profile
	.eabi_attribute	8, 0	@ Tag_ARM_ISA_use
	.eabi_attribute	9, 3	@ Tag_THUMB_ISA_use
	.fpu	fpv5-sp-d16
	.eabi_attribute	27, 1	@ Tag_ABI_HardFP_use
	.eabi_attribute	36, 1	@ Tag_FP_HP_extension
	.eabi_attribute	46, 1	@ Tag_DSP_extension
	.eabi_attribute	34, 1	@ Tag_CPU_unaligned_access
	.eabi_attribute	17, 1	@ Tag_ABI_PCS_GOT_use
	.eabi_attribute	20, 2	@ Tag_ABI_FP_denormal
	.eabi_attribute	21, 0	@ Tag_ABI_FP_exceptions
	.eabi_attribute	23, 1	@ Tag_ABI_FP_number_model
	.eabi_attribute	24, 1	@ Tag_ABI_align_needed
	.eabi_attribute	25, 1	@ Tag_ABI_align_preserved
	.eabi_attribute	28, 1	@ Tag_ABI_VFP_args
	.eabi_attribute	38, 1	@ Tag_ABI_FP_16bit_format
	.eabi_attribute	18, 2	@ Tag_ABI_PCS_wchar_t
	.eabi_attribute	26, 1	@ Tag_ABI_enum_size
	.eabi_attribute	14, 0	@ Tag_ABI_PCS_R9_use
	.file	"system_IOTKit_CM33.c"
	.file	1 "C:\\Users\\aj4775\\AppData\\Local\\Keil_v5\\ARM\\ARMCLANG\\bin\\..\\include" "stdint.h"
	.file	2 "P:\\Workspace\\Git\\MTB_CFA\\IOTKit_CM33_S_NS\\IOTKit_CM33_s" "RTE/Device/IOTKit_CM33_FP/system_IOTKit_CM33.c"
	.file	3 "C:/Users/aj4775/AppData/Local/arm/packs/ARM/CMSIS/6.1.0/CMSIS/Core/Include" "core_cm33.h"
	.file	4 "C:/Users/aj4775/AppData/Local/arm/packs/Keil/V2M-MPS2_IOTKit_BSP/1.5.2/Device/IOTKit_CM33/Include" "IOTKit_CM33_FP.h"
	.section	.text.SystemCoreClockUpdate,"ax",%progbits
	.hidden	SystemCoreClockUpdate           @ -- Begin function SystemCoreClockUpdate
	.globl	SystemCoreClockUpdate
	.p2align	2
	.type	SystemCoreClockUpdate,%function
	.code	16                              @ @SystemCoreClockUpdate
	.thumb_func
SystemCoreClockUpdate:
.Lfunc_begin0:
	.fnstart
	.cfi_sections .debug_frame
	.cfi_startproc
@ %bb.0:
	.loc	2 66 19 prologue_end            @ RTE/Device/IOTKit_CM33_FP/system_IOTKit_CM33.c:66:19
	movw	r1, :lower16:SystemCoreClock
	movt	r1, :upper16:SystemCoreClock
	movw	r0, #30784
	movt	r0, #381
	str	r0, [r1]
	.loc	2 67 1                          @ RTE/Device/IOTKit_CM33_FP/system_IOTKit_CM33.c:67:1
	bx	lr
.Ltmp0:
.Lfunc_end0:
	.size	SystemCoreClockUpdate, .Lfunc_end0-SystemCoreClockUpdate
	.cfi_endproc
	.cantunwind
	.fnend
                                        @ -- End function
	.section	.text.SystemInit,"ax",%progbits
	.hidden	SystemInit                      @ -- Begin function SystemInit
	.globl	SystemInit
	.p2align	2
	.type	SystemInit,%function
	.code	16                              @ @SystemInit
	.thumb_func
SystemInit:
.Lfunc_begin1:
	.loc	2 73 0                          @ RTE/Device/IOTKit_CM33_FP/system_IOTKit_CM33.c:73:0
	.fnstart
	.cfi_startproc
@ %bb.0:
	.save	{r7, lr}
	push	{r7, lr}
	.cfi_def_cfa_offset 8
	.cfi_offset lr, -4
	.cfi_offset r7, -8
.Ltmp1:
	.loc	2 79 13 prologue_end            @ RTE/Device/IOTKit_CM33_FP/system_IOTKit_CM33.c:79:13
	movw	r0, :lower16:__Vectors
	movt	r0, :upper16:__Vectors
	movw	r1, #60680
	movt	r1, #57344
	str	r0, [r1]
	movw	r1, #60808
	movt	r1, #57344
	.loc	2 83 14                         @ RTE/Device/IOTKit_CM33_FP/system_IOTKit_CM33.c:83:14
	ldr	r0, [r1]
	orr	r0, r0, #15728640
	str	r0, [r1]
	movw	r1, #60708
	movt	r1, #57344
	.loc	2 95 14                         @ RTE/Device/IOTKit_CM33_FP/system_IOTKit_CM33.c:95:14
	ldr	r0, [r1]
	orr	r0, r0, #983040
	str	r0, [r1]
	movw	r1, #60712
	movt	r1, #57344
	.loc	2 101 13                        @ RTE/Device/IOTKit_CM33_FP/system_IOTKit_CM33.c:101:13
	ldr	r0, [r1]
	orr	r0, r0, #512
	str	r0, [r1]
	movw	r1, #28672
	movt	r1, #22528
	.loc	2 112 29                        @ RTE/Device/IOTKit_CM33_FP/system_IOTKit_CM33.c:112:29
	ldr	r0, [r1]
	bic	r0, r0, #256
	str	r0, [r1]
	movw	r1, #28696
	movt	r1, #22528
	movs	r0, #0
	.loc	2 113 30                        @ RTE/Device/IOTKit_CM33_FP/system_IOTKit_CM33.c:113:30
	str	r0, [r1]
	movw	r1, #28700
	movt	r1, #22528
	movs	r0, #0
	movt	r0, #65535
	.loc	2 114 30                        @ RTE/Device/IOTKit_CM33_FP/system_IOTKit_CM33.c:114:30
	str	r0, [r1]
	movw	r1, #36864
	movt	r1, #22528
	.loc	2 123 26                        @ RTE/Device/IOTKit_CM33_FP/system_IOTKit_CM33.c:123:26
	ldr	r0, [r1]
	bic	r0, r0, #256
	str	r0, [r1]
	movw	r1, #36888
	movt	r1, #22528
	movs	r0, #1
	.loc	2 124 29                        @ RTE/Device/IOTKit_CM33_FP/system_IOTKit_CM33.c:124:29
	str	r0, [r1]
	movw	r1, #36892
	movt	r1, #22528
	mov.w	r0, #-1
	.loc	2 125 29                        @ RTE/Device/IOTKit_CM33_FP/system_IOTKit_CM33.c:125:29
	str	r0, [r1]
	movs	r1, #20
	movt	r1, #20488
	.loc	2 130 22                        @ RTE/Device/IOTKit_CM33_FP/system_IOTKit_CM33.c:130:22
	ldr	r0, [r1]
	orr	r0, r0, #1
	str	r0, [r1]
	movs	r1, #136
	movt	r1, #20488
	.loc	2 136 31                        @ RTE/Device/IOTKit_CM33_FP/system_IOTKit_CM33.c:136:31
	ldr	r0, [r1]
	orr	r0, r0, #5
	str	r0, [r1]
	movs	r1, #132
	movt	r1, #20488
	.loc	2 139 31                        @ RTE/Device/IOTKit_CM33_FP/system_IOTKit_CM33.c:139:31
	ldr	r0, [r1]
	orr	r0, r0, #34
	str	r0, [r1]
	.loc	2 145 3                         @ RTE/Device/IOTKit_CM33_FP/system_IOTKit_CM33.c:145:3
	bl	TZ_SAU_Setup
	.loc	2 148 19                        @ RTE/Device/IOTKit_CM33_FP/system_IOTKit_CM33.c:148:19
	movw	r1, :lower16:SystemCoreClock
	movt	r1, :upper16:SystemCoreClock
	movw	r0, #30784
	movt	r0, #381
	str	r0, [r1]
	.loc	2 149 1 epilogue_begin          @ RTE/Device/IOTKit_CM33_FP/system_IOTKit_CM33.c:149:1
	pop	{r7, pc}
.Ltmp2:
.Lfunc_end1:
	.size	SystemInit, .Lfunc_end1-SystemInit
	.cfi_endproc
	.cantunwind
	.fnend
                                        @ -- End function
	.section	.text.TZ_SAU_Setup,"ax",%progbits
	.p2align	2                               @ -- Begin function TZ_SAU_Setup
	.type	TZ_SAU_Setup,%function
	.code	16                              @ @TZ_SAU_Setup
	.thumb_func
TZ_SAU_Setup:
.Lfunc_begin2:
	.file	5 "P:\\Workspace\\Git\\MTB_CFA\\IOTKit_CM33_S_NS\\IOTKit_CM33_s" "RTE/Device/IOTKit_CM33_FP\\partition_IOTKit_CM33.h"
	.loc	5 547 0                         @ RTE/Device/IOTKit_CM33_FP\partition_IOTKit_CM33.h:547:0
	.fnstart
	.cfi_startproc
@ %bb.0:
	movw	r12, #60888
	movt	r12, #57344
	movs	r0, #0
.Ltmp3:
	.loc	5 552 5 prologue_end            @ RTE/Device/IOTKit_CM33_FP\partition_IOTKit_CM33.h:552:5
	str.w	r0, [r12]
	movw	r3, #60892
	movt	r3, #57344
	mov.w	r0, #268435456
	str	r0, [r3]
	movw	r2, #60896
	movt	r2, #57344
	movw	r0, #65507
	movt	r0, #4127
	str	r0, [r2]
	movs	r0, #1
	.loc	5 556 5                         @ RTE/Device/IOTKit_CM33_FP\partition_IOTKit_CM33.h:556:5
	str.w	r0, [r12]
	mov.w	r1, #2097152
	str	r1, [r3]
	movw	r1, #65505
	movt	r1, #63
	str	r1, [r2]
	movs	r1, #2
	.loc	5 560 5                         @ RTE/Device/IOTKit_CM33_FP\partition_IOTKit_CM33.h:560:5
	str.w	r1, [r12]
	movs	r1, #0
	movt	r1, #10272
	str	r1, [r3]
	movw	r1, #65505
	movt	r1, #10303
	str	r1, [r2]
	movs	r1, #3
	.loc	5 564 5                         @ RTE/Device/IOTKit_CM33_FP\partition_IOTKit_CM33.h:564:5
	str.w	r1, [r12]
	mov.w	r1, #1073741824
	str	r1, [r3]
	movw	r1, #65505
	movt	r1, #16447
	str	r1, [r2]
	movw	r1, #60880
	movt	r1, #57344
	.loc	5 589 15                        @ RTE/Device/IOTKit_CM33_FP\partition_IOTKit_CM33.h:589:15
	str	r0, [r1]
	movw	r1, #60688
	movt	r1, #57344
	.loc	5 594 24                        @ RTE/Device/IOTKit_CM33_FP\partition_IOTKit_CM33.h:594:24
	ldr	r0, [r1]
	.loc	5 594 63 is_stmt 0              @ RTE/Device/IOTKit_CM33_FP\partition_IOTKit_CM33.h:594:63
	orr	r0, r0, #8
	.loc	5 594 16                        @ RTE/Device/IOTKit_CM33_FP\partition_IOTKit_CM33.h:594:16
	str	r0, [r1]
	movw	r1, #60684
	movt	r1, #57344
	.loc	5 597 24 is_stmt 1              @ RTE/Device/IOTKit_CM33_FP\partition_IOTKit_CM33.h:597:24
	ldr	r0, [r1]
	movw	r2, #40951
	.loc	5 597 30 is_stmt 0              @ RTE/Device/IOTKit_CM33_FP\partition_IOTKit_CM33.h:597:30
	ands	r0, r2
	movw	r2, #16384
	movt	r2, #1530
	.loc	5 600 110 is_stmt 1             @ RTE/Device/IOTKit_CM33_FP\partition_IOTKit_CM33.h:600:110
	orrs	r0, r2
	.loc	5 597 16                        @ RTE/Device/IOTKit_CM33_FP\partition_IOTKit_CM33.h:597:16
	str	r0, [r1]
	movw	r1, #60812
	movt	r1, #57344
	.loc	5 608 24                        @ RTE/Device/IOTKit_CM33_FP\partition_IOTKit_CM33.h:608:24
	ldr	r0, [r1]
	.loc	5 608 30 is_stmt 0              @ RTE/Device/IOTKit_CM33_FP\partition_IOTKit_CM33.h:608:30
	orr	r0, r0, #3072
	.loc	5 608 16                        @ RTE/Device/IOTKit_CM33_FP\partition_IOTKit_CM33.h:608:16
	str	r0, [r1]
	movw	r1, #61236
	movt	r1, #57344
	.loc	5 611 24 is_stmt 1              @ RTE/Device/IOTKit_CM33_FP\partition_IOTKit_CM33.h:611:24
	ldr	r0, [r1]
	movs	r2, #4
	.loc	5 613 101                       @ RTE/Device/IOTKit_CM33_FP\partition_IOTKit_CM33.h:613:101
	bfi	r0, r2, #26, #3
	.loc	5 611 16                        @ RTE/Device/IOTKit_CM33_FP\partition_IOTKit_CM33.h:611:16
	str	r0, [r1]
	.loc	5 635 1                         @ RTE/Device/IOTKit_CM33_FP\partition_IOTKit_CM33.h:635:1
	bx	lr
.Ltmp4:
.Lfunc_end2:
	.size	TZ_SAU_Setup, .Lfunc_end2-TZ_SAU_Setup
	.cfi_endproc
	.cantunwind
	.fnend
                                        @ -- End function
	.hidden	SystemCoreClock                 @ @SystemCoreClock
	.type	SystemCoreClock,%object
	.section	.data.SystemCoreClock,"aw",%progbits
	.globl	SystemCoreClock
	.p2align	2, 0x0
SystemCoreClock:
	.long	25000000                        @ 0x17d7840
	.size	SystemCoreClock, 4

	.section	.debug_abbrev,"",%progbits
	.byte	1                               @ Abbreviation Code
	.byte	17                              @ DW_TAG_compile_unit
	.byte	1                               @ DW_CHILDREN_yes
	.byte	37                              @ DW_AT_producer
	.byte	14                              @ DW_FORM_strp
	.byte	19                              @ DW_AT_language
	.byte	5                               @ DW_FORM_data2
	.byte	3                               @ DW_AT_name
	.byte	14                              @ DW_FORM_strp
	.byte	16                              @ DW_AT_stmt_list
	.byte	23                              @ DW_FORM_sec_offset
	.byte	27                              @ DW_AT_comp_dir
	.byte	14                              @ DW_FORM_strp
	.byte	17                              @ DW_AT_low_pc
	.byte	1                               @ DW_FORM_addr
	.byte	85                              @ DW_AT_ranges
	.byte	23                              @ DW_FORM_sec_offset
	.byte	0                               @ EOM(1)
	.byte	0                               @ EOM(2)
	.byte	2                               @ Abbreviation Code
	.byte	52                              @ DW_TAG_variable
	.byte	0                               @ DW_CHILDREN_no
	.byte	3                               @ DW_AT_name
	.byte	14                              @ DW_FORM_strp
	.byte	73                              @ DW_AT_type
	.byte	19                              @ DW_FORM_ref4
	.byte	63                              @ DW_AT_external
	.byte	25                              @ DW_FORM_flag_present
	.byte	58                              @ DW_AT_decl_file
	.byte	11                              @ DW_FORM_data1
	.byte	59                              @ DW_AT_decl_line
	.byte	11                              @ DW_FORM_data1
	.byte	2                               @ DW_AT_location
	.byte	24                              @ DW_FORM_exprloc
	.byte	0                               @ EOM(1)
	.byte	0                               @ EOM(2)
	.byte	3                               @ Abbreviation Code
	.byte	22                              @ DW_TAG_typedef
	.byte	0                               @ DW_CHILDREN_no
	.byte	73                              @ DW_AT_type
	.byte	19                              @ DW_FORM_ref4
	.byte	3                               @ DW_AT_name
	.byte	14                              @ DW_FORM_strp
	.byte	58                              @ DW_AT_decl_file
	.byte	11                              @ DW_FORM_data1
	.byte	59                              @ DW_AT_decl_line
	.byte	11                              @ DW_FORM_data1
	.byte	0                               @ EOM(1)
	.byte	0                               @ EOM(2)
	.byte	4                               @ Abbreviation Code
	.byte	36                              @ DW_TAG_base_type
	.byte	0                               @ DW_CHILDREN_no
	.byte	3                               @ DW_AT_name
	.byte	14                              @ DW_FORM_strp
	.byte	62                              @ DW_AT_encoding
	.byte	11                              @ DW_FORM_data1
	.byte	11                              @ DW_AT_byte_size
	.byte	11                              @ DW_FORM_data1
	.byte	0                               @ EOM(1)
	.byte	0                               @ EOM(2)
	.byte	5                               @ Abbreviation Code
	.byte	15                              @ DW_TAG_pointer_type
	.byte	0                               @ DW_CHILDREN_no
	.byte	73                              @ DW_AT_type
	.byte	19                              @ DW_FORM_ref4
	.byte	0                               @ EOM(1)
	.byte	0                               @ EOM(2)
	.byte	6                               @ Abbreviation Code
	.byte	22                              @ DW_TAG_typedef
	.byte	0                               @ DW_CHILDREN_no
	.byte	73                              @ DW_AT_type
	.byte	19                              @ DW_FORM_ref4
	.byte	3                               @ DW_AT_name
	.byte	14                              @ DW_FORM_strp
	.byte	58                              @ DW_AT_decl_file
	.byte	11                              @ DW_FORM_data1
	.byte	59                              @ DW_AT_decl_line
	.byte	5                               @ DW_FORM_data2
	.byte	0                               @ EOM(1)
	.byte	0                               @ EOM(2)
	.byte	7                               @ Abbreviation Code
	.byte	19                              @ DW_TAG_structure_type
	.byte	1                               @ DW_CHILDREN_yes
	.byte	11                              @ DW_AT_byte_size
	.byte	5                               @ DW_FORM_data2
	.byte	58                              @ DW_AT_decl_file
	.byte	11                              @ DW_FORM_data1
	.byte	59                              @ DW_AT_decl_line
	.byte	5                               @ DW_FORM_data2
	.byte	0                               @ EOM(1)
	.byte	0                               @ EOM(2)
	.byte	8                               @ Abbreviation Code
	.byte	13                              @ DW_TAG_member
	.byte	0                               @ DW_CHILDREN_no
	.byte	3                               @ DW_AT_name
	.byte	14                              @ DW_FORM_strp
	.byte	73                              @ DW_AT_type
	.byte	19                              @ DW_FORM_ref4
	.byte	58                              @ DW_AT_decl_file
	.byte	11                              @ DW_FORM_data1
	.byte	59                              @ DW_AT_decl_line
	.byte	5                               @ DW_FORM_data2
	.byte	56                              @ DW_AT_data_member_location
	.byte	11                              @ DW_FORM_data1
	.byte	0                               @ EOM(1)
	.byte	0                               @ EOM(2)
	.byte	9                               @ Abbreviation Code
	.byte	13                              @ DW_TAG_member
	.byte	0                               @ DW_CHILDREN_no
	.byte	3                               @ DW_AT_name
	.byte	14                              @ DW_FORM_strp
	.byte	73                              @ DW_AT_type
	.byte	19                              @ DW_FORM_ref4
	.byte	58                              @ DW_AT_decl_file
	.byte	11                              @ DW_FORM_data1
	.byte	59                              @ DW_AT_decl_line
	.byte	5                               @ DW_FORM_data2
	.byte	56                              @ DW_AT_data_member_location
	.byte	5                               @ DW_FORM_data2
	.byte	0                               @ EOM(1)
	.byte	0                               @ EOM(2)
	.byte	10                              @ Abbreviation Code
	.byte	38                              @ DW_TAG_const_type
	.byte	0                               @ DW_CHILDREN_no
	.byte	73                              @ DW_AT_type
	.byte	19                              @ DW_FORM_ref4
	.byte	0                               @ EOM(1)
	.byte	0                               @ EOM(2)
	.byte	11                              @ Abbreviation Code
	.byte	53                              @ DW_TAG_volatile_type
	.byte	0                               @ DW_CHILDREN_no
	.byte	73                              @ DW_AT_type
	.byte	19                              @ DW_FORM_ref4
	.byte	0                               @ EOM(1)
	.byte	0                               @ EOM(2)
	.byte	12                              @ Abbreviation Code
	.byte	1                               @ DW_TAG_array_type
	.byte	1                               @ DW_CHILDREN_yes
	.byte	73                              @ DW_AT_type
	.byte	19                              @ DW_FORM_ref4
	.byte	0                               @ EOM(1)
	.byte	0                               @ EOM(2)
	.byte	13                              @ Abbreviation Code
	.byte	33                              @ DW_TAG_subrange_type
	.byte	0                               @ DW_CHILDREN_no
	.byte	73                              @ DW_AT_type
	.byte	19                              @ DW_FORM_ref4
	.byte	55                              @ DW_AT_count
	.byte	11                              @ DW_FORM_data1
	.byte	0                               @ EOM(1)
	.byte	0                               @ EOM(2)
	.byte	14                              @ Abbreviation Code
	.byte	36                              @ DW_TAG_base_type
	.byte	0                               @ DW_CHILDREN_no
	.byte	3                               @ DW_AT_name
	.byte	14                              @ DW_FORM_strp
	.byte	11                              @ DW_AT_byte_size
	.byte	11                              @ DW_FORM_data1
	.byte	62                              @ DW_AT_encoding
	.byte	11                              @ DW_FORM_data1
	.byte	0                               @ EOM(1)
	.byte	0                               @ EOM(2)
	.byte	15                              @ Abbreviation Code
	.byte	19                              @ DW_TAG_structure_type
	.byte	1                               @ DW_CHILDREN_yes
	.byte	11                              @ DW_AT_byte_size
	.byte	11                              @ DW_FORM_data1
	.byte	58                              @ DW_AT_decl_file
	.byte	11                              @ DW_FORM_data1
	.byte	59                              @ DW_AT_decl_line
	.byte	5                               @ DW_FORM_data2
	.byte	0                               @ EOM(1)
	.byte	0                               @ EOM(2)
	.byte	16                              @ Abbreviation Code
	.byte	46                              @ DW_TAG_subprogram
	.byte	0                               @ DW_CHILDREN_no
	.byte	17                              @ DW_AT_low_pc
	.byte	1                               @ DW_FORM_addr
	.byte	18                              @ DW_AT_high_pc
	.byte	6                               @ DW_FORM_data4
	.byte	64                              @ DW_AT_frame_base
	.byte	24                              @ DW_FORM_exprloc
	.byte	3                               @ DW_AT_name
	.byte	14                              @ DW_FORM_strp
	.byte	58                              @ DW_AT_decl_file
	.byte	11                              @ DW_FORM_data1
	.byte	59                              @ DW_AT_decl_line
	.byte	11                              @ DW_FORM_data1
	.byte	39                              @ DW_AT_prototyped
	.byte	25                              @ DW_FORM_flag_present
	.byte	63                              @ DW_AT_external
	.byte	25                              @ DW_FORM_flag_present
	.byte	0                               @ EOM(1)
	.byte	0                               @ EOM(2)
	.byte	17                              @ Abbreviation Code
	.byte	46                              @ DW_TAG_subprogram
	.byte	0                               @ DW_CHILDREN_no
	.byte	17                              @ DW_AT_low_pc
	.byte	1                               @ DW_FORM_addr
	.byte	18                              @ DW_AT_high_pc
	.byte	6                               @ DW_FORM_data4
	.byte	64                              @ DW_AT_frame_base
	.byte	24                              @ DW_FORM_exprloc
	.byte	3                               @ DW_AT_name
	.byte	14                              @ DW_FORM_strp
	.byte	58                              @ DW_AT_decl_file
	.byte	11                              @ DW_FORM_data1
	.byte	59                              @ DW_AT_decl_line
	.byte	5                               @ DW_FORM_data2
	.byte	39                              @ DW_AT_prototyped
	.byte	25                              @ DW_FORM_flag_present
	.byte	0                               @ EOM(1)
	.byte	0                               @ EOM(2)
	.byte	0                               @ EOM(3)
	.section	.debug_info,"",%progbits
.Lcu_begin0:
	.long	.Ldebug_info_end0-.Ldebug_info_start0 @ Length of Unit
.Ldebug_info_start0:
	.short	4                               @ DWARF version number
	.long	.debug_abbrev                   @ Offset Into Abbrev. Section
	.byte	4                               @ Address Size (in bytes)
	.byte	1                               @ Abbrev [1] 0xb:0x69e DW_TAG_compile_unit
	.long	.Linfo_string0                  @ DW_AT_producer
	.short	29                              @ DW_AT_language
	.long	.Linfo_string1                  @ DW_AT_name
	.long	.Lline_table_start0             @ DW_AT_stmt_list
	.long	.Linfo_string2                  @ DW_AT_comp_dir
	.long	0                               @ DW_AT_low_pc
	.long	.Ldebug_ranges0                 @ DW_AT_ranges
	.byte	2                               @ Abbrev [2] 0x26:0x11 DW_TAG_variable
	.long	.Linfo_string3                  @ DW_AT_name
	.long	55                              @ DW_AT_type
                                        @ DW_AT_external
	.byte	2                               @ DW_AT_decl_file
	.byte	59                              @ DW_AT_decl_line
	.byte	5                               @ DW_AT_location
	.byte	3
	.long	SystemCoreClock
	.byte	3                               @ Abbrev [3] 0x37:0xb DW_TAG_typedef
	.long	66                              @ DW_AT_type
	.long	.Linfo_string5                  @ DW_AT_name
	.byte	1                               @ DW_AT_decl_file
	.byte	64                              @ DW_AT_decl_line
	.byte	4                               @ Abbrev [4] 0x42:0x7 DW_TAG_base_type
	.long	.Linfo_string4                  @ DW_AT_name
	.byte	7                               @ DW_AT_encoding
	.byte	4                               @ DW_AT_byte_size
	.byte	5                               @ Abbrev [5] 0x49:0x5 DW_TAG_pointer_type
	.long	78                              @ DW_AT_type
	.byte	6                               @ Abbrev [6] 0x4e:0xc DW_TAG_typedef
	.long	90                              @ DW_AT_type
	.long	.Linfo_string55                 @ DW_AT_name
	.byte	3                               @ DW_AT_decl_file
	.short	569                             @ DW_AT_decl_line
	.byte	7                               @ Abbrev [7] 0x5a:0x26e DW_TAG_structure_type
	.short	636                             @ DW_AT_byte_size
	.byte	3                               @ DW_AT_decl_file
	.short	521                             @ DW_AT_decl_line
	.byte	8                               @ Abbrev [8] 0x60:0xd DW_TAG_member
	.long	.Linfo_string6                  @ DW_AT_name
	.long	712                             @ DW_AT_type
	.byte	3                               @ DW_AT_decl_file
	.short	523                             @ DW_AT_decl_line
	.byte	0                               @ DW_AT_data_member_location
	.byte	8                               @ Abbrev [8] 0x6d:0xd DW_TAG_member
	.long	.Linfo_string7                  @ DW_AT_name
	.long	717                             @ DW_AT_type
	.byte	3                               @ DW_AT_decl_file
	.short	524                             @ DW_AT_decl_line
	.byte	4                               @ DW_AT_data_member_location
	.byte	8                               @ Abbrev [8] 0x7a:0xd DW_TAG_member
	.long	.Linfo_string8                  @ DW_AT_name
	.long	717                             @ DW_AT_type
	.byte	3                               @ DW_AT_decl_file
	.short	525                             @ DW_AT_decl_line
	.byte	8                               @ DW_AT_data_member_location
	.byte	8                               @ Abbrev [8] 0x87:0xd DW_TAG_member
	.long	.Linfo_string9                  @ DW_AT_name
	.long	717                             @ DW_AT_type
	.byte	3                               @ DW_AT_decl_file
	.short	526                             @ DW_AT_decl_line
	.byte	12                              @ DW_AT_data_member_location
	.byte	8                               @ Abbrev [8] 0x94:0xd DW_TAG_member
	.long	.Linfo_string10                 @ DW_AT_name
	.long	717                             @ DW_AT_type
	.byte	3                               @ DW_AT_decl_file
	.short	527                             @ DW_AT_decl_line
	.byte	16                              @ DW_AT_data_member_location
	.byte	8                               @ Abbrev [8] 0xa1:0xd DW_TAG_member
	.long	.Linfo_string11                 @ DW_AT_name
	.long	717                             @ DW_AT_type
	.byte	3                               @ DW_AT_decl_file
	.short	528                             @ DW_AT_decl_line
	.byte	20                              @ DW_AT_data_member_location
	.byte	8                               @ Abbrev [8] 0xae:0xd DW_TAG_member
	.long	.Linfo_string12                 @ DW_AT_name
	.long	722                             @ DW_AT_type
	.byte	3                               @ DW_AT_decl_file
	.short	529                             @ DW_AT_decl_line
	.byte	24                              @ DW_AT_data_member_location
	.byte	8                               @ Abbrev [8] 0xbb:0xd DW_TAG_member
	.long	.Linfo_string16                 @ DW_AT_name
	.long	717                             @ DW_AT_type
	.byte	3                               @ DW_AT_decl_file
	.short	530                             @ DW_AT_decl_line
	.byte	36                              @ DW_AT_data_member_location
	.byte	8                               @ Abbrev [8] 0xc8:0xd DW_TAG_member
	.long	.Linfo_string17                 @ DW_AT_name
	.long	717                             @ DW_AT_type
	.byte	3                               @ DW_AT_decl_file
	.short	531                             @ DW_AT_decl_line
	.byte	40                              @ DW_AT_data_member_location
	.byte	8                               @ Abbrev [8] 0xd5:0xd DW_TAG_member
	.long	.Linfo_string18                 @ DW_AT_name
	.long	717                             @ DW_AT_type
	.byte	3                               @ DW_AT_decl_file
	.short	532                             @ DW_AT_decl_line
	.byte	44                              @ DW_AT_data_member_location
	.byte	8                               @ Abbrev [8] 0xe2:0xd DW_TAG_member
	.long	.Linfo_string19                 @ DW_AT_name
	.long	717                             @ DW_AT_type
	.byte	3                               @ DW_AT_decl_file
	.short	533                             @ DW_AT_decl_line
	.byte	48                              @ DW_AT_data_member_location
	.byte	8                               @ Abbrev [8] 0xef:0xd DW_TAG_member
	.long	.Linfo_string20                 @ DW_AT_name
	.long	717                             @ DW_AT_type
	.byte	3                               @ DW_AT_decl_file
	.short	534                             @ DW_AT_decl_line
	.byte	52                              @ DW_AT_data_member_location
	.byte	8                               @ Abbrev [8] 0xfc:0xd DW_TAG_member
	.long	.Linfo_string21                 @ DW_AT_name
	.long	717                             @ DW_AT_type
	.byte	3                               @ DW_AT_decl_file
	.short	535                             @ DW_AT_decl_line
	.byte	56                              @ DW_AT_data_member_location
	.byte	8                               @ Abbrev [8] 0x109:0xd DW_TAG_member
	.long	.Linfo_string22                 @ DW_AT_name
	.long	717                             @ DW_AT_type
	.byte	3                               @ DW_AT_decl_file
	.short	536                             @ DW_AT_decl_line
	.byte	60                              @ DW_AT_data_member_location
	.byte	8                               @ Abbrev [8] 0x116:0xd DW_TAG_member
	.long	.Linfo_string23                 @ DW_AT_name
	.long	764                             @ DW_AT_type
	.byte	3                               @ DW_AT_decl_file
	.short	537                             @ DW_AT_decl_line
	.byte	64                              @ DW_AT_data_member_location
	.byte	8                               @ Abbrev [8] 0x123:0xd DW_TAG_member
	.long	.Linfo_string24                 @ DW_AT_name
	.long	712                             @ DW_AT_type
	.byte	3                               @ DW_AT_decl_file
	.short	538                             @ DW_AT_decl_line
	.byte	72                              @ DW_AT_data_member_location
	.byte	8                               @ Abbrev [8] 0x130:0xd DW_TAG_member
	.long	.Linfo_string25                 @ DW_AT_name
	.long	712                             @ DW_AT_type
	.byte	3                               @ DW_AT_decl_file
	.short	539                             @ DW_AT_decl_line
	.byte	76                              @ DW_AT_data_member_location
	.byte	8                               @ Abbrev [8] 0x13d:0xd DW_TAG_member
	.long	.Linfo_string26                 @ DW_AT_name
	.long	776                             @ DW_AT_type
	.byte	3                               @ DW_AT_decl_file
	.short	540                             @ DW_AT_decl_line
	.byte	80                              @ DW_AT_data_member_location
	.byte	8                               @ Abbrev [8] 0x14a:0xd DW_TAG_member
	.long	.Linfo_string27                 @ DW_AT_name
	.long	788                             @ DW_AT_type
	.byte	3                               @ DW_AT_decl_file
	.short	541                             @ DW_AT_decl_line
	.byte	96                              @ DW_AT_data_member_location
	.byte	8                               @ Abbrev [8] 0x157:0xd DW_TAG_member
	.long	.Linfo_string28                 @ DW_AT_name
	.long	712                             @ DW_AT_type
	.byte	3                               @ DW_AT_decl_file
	.short	542                             @ DW_AT_decl_line
	.byte	120                             @ DW_AT_data_member_location
	.byte	8                               @ Abbrev [8] 0x164:0xd DW_TAG_member
	.long	.Linfo_string29                 @ DW_AT_name
	.long	712                             @ DW_AT_type
	.byte	3                               @ DW_AT_decl_file
	.short	543                             @ DW_AT_decl_line
	.byte	124                             @ DW_AT_data_member_location
	.byte	8                               @ Abbrev [8] 0x171:0xd DW_TAG_member
	.long	.Linfo_string30                 @ DW_AT_name
	.long	712                             @ DW_AT_type
	.byte	3                               @ DW_AT_decl_file
	.short	544                             @ DW_AT_decl_line
	.byte	128                             @ DW_AT_data_member_location
	.byte	8                               @ Abbrev [8] 0x17e:0xd DW_TAG_member
	.long	.Linfo_string31                 @ DW_AT_name
	.long	717                             @ DW_AT_type
	.byte	3                               @ DW_AT_decl_file
	.short	545                             @ DW_AT_decl_line
	.byte	132                             @ DW_AT_data_member_location
	.byte	8                               @ Abbrev [8] 0x18b:0xd DW_TAG_member
	.long	.Linfo_string32                 @ DW_AT_name
	.long	717                             @ DW_AT_type
	.byte	3                               @ DW_AT_decl_file
	.short	546                             @ DW_AT_decl_line
	.byte	136                             @ DW_AT_data_member_location
	.byte	8                               @ Abbrev [8] 0x198:0xd DW_TAG_member
	.long	.Linfo_string33                 @ DW_AT_name
	.long	717                             @ DW_AT_type
	.byte	3                               @ DW_AT_decl_file
	.short	547                             @ DW_AT_decl_line
	.byte	140                             @ DW_AT_data_member_location
	.byte	8                               @ Abbrev [8] 0x1a5:0xd DW_TAG_member
	.long	.Linfo_string34                 @ DW_AT_name
	.long	800                             @ DW_AT_type
	.byte	3                               @ DW_AT_decl_file
	.short	548                             @ DW_AT_decl_line
	.byte	144                             @ DW_AT_data_member_location
	.byte	8                               @ Abbrev [8] 0x1b2:0xd DW_TAG_member
	.long	.Linfo_string35                 @ DW_AT_name
	.long	717                             @ DW_AT_type
	.byte	3                               @ DW_AT_decl_file
	.short	549                             @ DW_AT_decl_line
	.byte	228                             @ DW_AT_data_member_location
	.byte	8                               @ Abbrev [8] 0x1bf:0xd DW_TAG_member
	.long	.Linfo_string36                 @ DW_AT_name
	.long	717                             @ DW_AT_type
	.byte	3                               @ DW_AT_decl_file
	.short	550                             @ DW_AT_decl_line
	.byte	232                             @ DW_AT_data_member_location
	.byte	8                               @ Abbrev [8] 0x1cc:0xd DW_TAG_member
	.long	.Linfo_string37                 @ DW_AT_name
	.long	812                             @ DW_AT_type
	.byte	3                               @ DW_AT_decl_file
	.short	551                             @ DW_AT_decl_line
	.byte	236                             @ DW_AT_data_member_location
	.byte	9                               @ Abbrev [9] 0x1d9:0xe DW_TAG_member
	.long	.Linfo_string38                 @ DW_AT_name
	.long	717                             @ DW_AT_type
	.byte	3                               @ DW_AT_decl_file
	.short	552                             @ DW_AT_decl_line
	.short	512                             @ DW_AT_data_member_location
	.byte	9                               @ Abbrev [9] 0x1e7:0xe DW_TAG_member
	.long	.Linfo_string39                 @ DW_AT_name
	.long	824                             @ DW_AT_type
	.byte	3                               @ DW_AT_decl_file
	.short	553                             @ DW_AT_decl_line
	.short	516                             @ DW_AT_data_member_location
	.byte	9                               @ Abbrev [9] 0x1f5:0xe DW_TAG_member
	.long	.Linfo_string40                 @ DW_AT_name
	.long	712                             @ DW_AT_type
	.byte	3                               @ DW_AT_decl_file
	.short	554                             @ DW_AT_decl_line
	.short	576                             @ DW_AT_data_member_location
	.byte	9                               @ Abbrev [9] 0x203:0xe DW_TAG_member
	.long	.Linfo_string41                 @ DW_AT_name
	.long	712                             @ DW_AT_type
	.byte	3                               @ DW_AT_decl_file
	.short	555                             @ DW_AT_decl_line
	.short	580                             @ DW_AT_data_member_location
	.byte	9                               @ Abbrev [9] 0x211:0xe DW_TAG_member
	.long	.Linfo_string42                 @ DW_AT_name
	.long	712                             @ DW_AT_type
	.byte	3                               @ DW_AT_decl_file
	.short	556                             @ DW_AT_decl_line
	.short	584                             @ DW_AT_data_member_location
	.byte	9                               @ Abbrev [9] 0x21f:0xe DW_TAG_member
	.long	.Linfo_string43                 @ DW_AT_name
	.long	836                             @ DW_AT_type
	.byte	3                               @ DW_AT_decl_file
	.short	557                             @ DW_AT_decl_line
	.short	588                             @ DW_AT_data_member_location
	.byte	9                               @ Abbrev [9] 0x22d:0xe DW_TAG_member
	.long	.Linfo_string44                 @ DW_AT_name
	.long	717                             @ DW_AT_type
	.byte	3                               @ DW_AT_decl_file
	.short	558                             @ DW_AT_decl_line
	.short	592                             @ DW_AT_data_member_location
	.byte	9                               @ Abbrev [9] 0x23b:0xe DW_TAG_member
	.long	.Linfo_string45                 @ DW_AT_name
	.long	836                             @ DW_AT_type
	.byte	3                               @ DW_AT_decl_file
	.short	559                             @ DW_AT_decl_line
	.short	596                             @ DW_AT_data_member_location
	.byte	9                               @ Abbrev [9] 0x249:0xe DW_TAG_member
	.long	.Linfo_string46                 @ DW_AT_name
	.long	717                             @ DW_AT_type
	.byte	3                               @ DW_AT_decl_file
	.short	560                             @ DW_AT_decl_line
	.short	600                             @ DW_AT_data_member_location
	.byte	9                               @ Abbrev [9] 0x257:0xe DW_TAG_member
	.long	.Linfo_string47                 @ DW_AT_name
	.long	717                             @ DW_AT_type
	.byte	3                               @ DW_AT_decl_file
	.short	561                             @ DW_AT_decl_line
	.short	604                             @ DW_AT_data_member_location
	.byte	9                               @ Abbrev [9] 0x265:0xe DW_TAG_member
	.long	.Linfo_string48                 @ DW_AT_name
	.long	717                             @ DW_AT_type
	.byte	3                               @ DW_AT_decl_file
	.short	562                             @ DW_AT_decl_line
	.short	608                             @ DW_AT_data_member_location
	.byte	9                               @ Abbrev [9] 0x273:0xe DW_TAG_member
	.long	.Linfo_string49                 @ DW_AT_name
	.long	717                             @ DW_AT_type
	.byte	3                               @ DW_AT_decl_file
	.short	563                             @ DW_AT_decl_line
	.short	612                             @ DW_AT_data_member_location
	.byte	9                               @ Abbrev [9] 0x281:0xe DW_TAG_member
	.long	.Linfo_string50                 @ DW_AT_name
	.long	717                             @ DW_AT_type
	.byte	3                               @ DW_AT_decl_file
	.short	564                             @ DW_AT_decl_line
	.short	616                             @ DW_AT_data_member_location
	.byte	9                               @ Abbrev [9] 0x28f:0xe DW_TAG_member
	.long	.Linfo_string51                 @ DW_AT_name
	.long	717                             @ DW_AT_type
	.byte	3                               @ DW_AT_decl_file
	.short	565                             @ DW_AT_decl_line
	.short	620                             @ DW_AT_data_member_location
	.byte	9                               @ Abbrev [9] 0x29d:0xe DW_TAG_member
	.long	.Linfo_string52                 @ DW_AT_name
	.long	717                             @ DW_AT_type
	.byte	3                               @ DW_AT_decl_file
	.short	566                             @ DW_AT_decl_line
	.short	624                             @ DW_AT_data_member_location
	.byte	9                               @ Abbrev [9] 0x2ab:0xe DW_TAG_member
	.long	.Linfo_string53                 @ DW_AT_name
	.long	717                             @ DW_AT_type
	.byte	3                               @ DW_AT_decl_file
	.short	567                             @ DW_AT_decl_line
	.short	628                             @ DW_AT_data_member_location
	.byte	9                               @ Abbrev [9] 0x2b9:0xe DW_TAG_member
	.long	.Linfo_string54                 @ DW_AT_name
	.long	717                             @ DW_AT_type
	.byte	3                               @ DW_AT_decl_file
	.short	568                             @ DW_AT_decl_line
	.short	632                             @ DW_AT_data_member_location
	.byte	0                               @ End Of Children Mark
	.byte	10                              @ Abbrev [10] 0x2c8:0x5 DW_TAG_const_type
	.long	717                             @ DW_AT_type
	.byte	11                              @ Abbrev [11] 0x2cd:0x5 DW_TAG_volatile_type
	.long	55                              @ DW_AT_type
	.byte	12                              @ Abbrev [12] 0x2d2:0xc DW_TAG_array_type
	.long	734                             @ DW_AT_type
	.byte	13                              @ Abbrev [13] 0x2d7:0x6 DW_TAG_subrange_type
	.long	757                             @ DW_AT_type
	.byte	12                              @ DW_AT_count
	.byte	0                               @ End Of Children Mark
	.byte	11                              @ Abbrev [11] 0x2de:0x5 DW_TAG_volatile_type
	.long	739                             @ DW_AT_type
	.byte	3                               @ Abbrev [3] 0x2e3:0xb DW_TAG_typedef
	.long	750                             @ DW_AT_type
	.long	.Linfo_string14                 @ DW_AT_name
	.byte	1                               @ DW_AT_decl_file
	.byte	62                              @ DW_AT_decl_line
	.byte	4                               @ Abbrev [4] 0x2ee:0x7 DW_TAG_base_type
	.long	.Linfo_string13                 @ DW_AT_name
	.byte	8                               @ DW_AT_encoding
	.byte	1                               @ DW_AT_byte_size
	.byte	14                              @ Abbrev [14] 0x2f5:0x7 DW_TAG_base_type
	.long	.Linfo_string15                 @ DW_AT_name
	.byte	8                               @ DW_AT_byte_size
	.byte	7                               @ DW_AT_encoding
	.byte	12                              @ Abbrev [12] 0x2fc:0xc DW_TAG_array_type
	.long	712                             @ DW_AT_type
	.byte	13                              @ Abbrev [13] 0x301:0x6 DW_TAG_subrange_type
	.long	757                             @ DW_AT_type
	.byte	2                               @ DW_AT_count
	.byte	0                               @ End Of Children Mark
	.byte	12                              @ Abbrev [12] 0x308:0xc DW_TAG_array_type
	.long	712                             @ DW_AT_type
	.byte	13                              @ Abbrev [13] 0x30d:0x6 DW_TAG_subrange_type
	.long	757                             @ DW_AT_type
	.byte	4                               @ DW_AT_count
	.byte	0                               @ End Of Children Mark
	.byte	12                              @ Abbrev [12] 0x314:0xc DW_TAG_array_type
	.long	712                             @ DW_AT_type
	.byte	13                              @ Abbrev [13] 0x319:0x6 DW_TAG_subrange_type
	.long	757                             @ DW_AT_type
	.byte	6                               @ DW_AT_count
	.byte	0                               @ End Of Children Mark
	.byte	12                              @ Abbrev [12] 0x320:0xc DW_TAG_array_type
	.long	55                              @ DW_AT_type
	.byte	13                              @ Abbrev [13] 0x325:0x6 DW_TAG_subrange_type
	.long	757                             @ DW_AT_type
	.byte	21                              @ DW_AT_count
	.byte	0                               @ End Of Children Mark
	.byte	12                              @ Abbrev [12] 0x32c:0xc DW_TAG_array_type
	.long	55                              @ DW_AT_type
	.byte	13                              @ Abbrev [13] 0x331:0x6 DW_TAG_subrange_type
	.long	757                             @ DW_AT_type
	.byte	69                              @ DW_AT_count
	.byte	0                               @ End Of Children Mark
	.byte	12                              @ Abbrev [12] 0x338:0xc DW_TAG_array_type
	.long	55                              @ DW_AT_type
	.byte	13                              @ Abbrev [13] 0x33d:0x6 DW_TAG_subrange_type
	.long	757                             @ DW_AT_type
	.byte	15                              @ DW_AT_count
	.byte	0                               @ End Of Children Mark
	.byte	12                              @ Abbrev [12] 0x344:0xc DW_TAG_array_type
	.long	55                              @ DW_AT_type
	.byte	13                              @ Abbrev [13] 0x349:0x6 DW_TAG_subrange_type
	.long	757                             @ DW_AT_type
	.byte	1                               @ DW_AT_count
	.byte	0                               @ End Of Children Mark
	.byte	5                               @ Abbrev [5] 0x350:0x5 DW_TAG_pointer_type
	.long	853                             @ DW_AT_type
	.byte	6                               @ Abbrev [6] 0x355:0xc DW_TAG_typedef
	.long	865                             @ DW_AT_type
	.long	.Linfo_string68                 @ DW_AT_name
	.byte	4                               @ DW_AT_decl_file
	.short	654                             @ DW_AT_decl_line
	.byte	15                              @ Abbrev [15] 0x361:0xa2 DW_TAG_structure_type
	.byte	56                              @ DW_AT_byte_size
	.byte	4                               @ DW_AT_decl_file
	.short	640                             @ DW_AT_decl_line
	.byte	8                               @ Abbrev [8] 0x366:0xd DW_TAG_member
	.long	.Linfo_string56                 @ DW_AT_name
	.long	717                             @ DW_AT_type
	.byte	4                               @ DW_AT_decl_file
	.short	642                             @ DW_AT_decl_line
	.byte	0                               @ DW_AT_data_member_location
	.byte	8                               @ Abbrev [8] 0x373:0xd DW_TAG_member
	.long	.Linfo_string57                 @ DW_AT_name
	.long	1027                            @ DW_AT_type
	.byte	4                               @ DW_AT_decl_file
	.short	643                             @ DW_AT_decl_line
	.byte	4                               @ DW_AT_data_member_location
	.byte	8                               @ Abbrev [8] 0x380:0xd DW_TAG_member
	.long	.Linfo_string58                 @ DW_AT_name
	.long	712                             @ DW_AT_type
	.byte	4                               @ DW_AT_decl_file
	.short	644                             @ DW_AT_decl_line
	.byte	16                              @ DW_AT_data_member_location
	.byte	8                               @ Abbrev [8] 0x38d:0xd DW_TAG_member
	.long	.Linfo_string59                 @ DW_AT_name
	.long	712                             @ DW_AT_type
	.byte	4                               @ DW_AT_decl_file
	.short	645                             @ DW_AT_decl_line
	.byte	20                              @ DW_AT_data_member_location
	.byte	8                               @ Abbrev [8] 0x39a:0xd DW_TAG_member
	.long	.Linfo_string60                 @ DW_AT_name
	.long	717                             @ DW_AT_type
	.byte	4                               @ DW_AT_decl_file
	.short	646                             @ DW_AT_decl_line
	.byte	24                              @ DW_AT_data_member_location
	.byte	8                               @ Abbrev [8] 0x3a7:0xd DW_TAG_member
	.long	.Linfo_string61                 @ DW_AT_name
	.long	717                             @ DW_AT_type
	.byte	4                               @ DW_AT_decl_file
	.short	647                             @ DW_AT_decl_line
	.byte	28                              @ DW_AT_data_member_location
	.byte	8                               @ Abbrev [8] 0x3b4:0xd DW_TAG_member
	.long	.Linfo_string62                 @ DW_AT_name
	.long	712                             @ DW_AT_type
	.byte	4                               @ DW_AT_decl_file
	.short	648                             @ DW_AT_decl_line
	.byte	32                              @ DW_AT_data_member_location
	.byte	8                               @ Abbrev [8] 0x3c1:0xd DW_TAG_member
	.long	.Linfo_string63                 @ DW_AT_name
	.long	717                             @ DW_AT_type
	.byte	4                               @ DW_AT_decl_file
	.short	649                             @ DW_AT_decl_line
	.byte	36                              @ DW_AT_data_member_location
	.byte	8                               @ Abbrev [8] 0x3ce:0xd DW_TAG_member
	.long	.Linfo_string64                 @ DW_AT_name
	.long	717                             @ DW_AT_type
	.byte	4                               @ DW_AT_decl_file
	.short	650                             @ DW_AT_decl_line
	.byte	40                              @ DW_AT_data_member_location
	.byte	8                               @ Abbrev [8] 0x3db:0xd DW_TAG_member
	.long	.Linfo_string65                 @ DW_AT_name
	.long	712                             @ DW_AT_type
	.byte	4                               @ DW_AT_decl_file
	.short	651                             @ DW_AT_decl_line
	.byte	44                              @ DW_AT_data_member_location
	.byte	8                               @ Abbrev [8] 0x3e8:0xd DW_TAG_member
	.long	.Linfo_string66                 @ DW_AT_name
	.long	712                             @ DW_AT_type
	.byte	4                               @ DW_AT_decl_file
	.short	652                             @ DW_AT_decl_line
	.byte	48                              @ DW_AT_data_member_location
	.byte	8                               @ Abbrev [8] 0x3f5:0xd DW_TAG_member
	.long	.Linfo_string67                 @ DW_AT_name
	.long	717                             @ DW_AT_type
	.byte	4                               @ DW_AT_decl_file
	.short	653                             @ DW_AT_decl_line
	.byte	52                              @ DW_AT_data_member_location
	.byte	0                               @ End Of Children Mark
	.byte	12                              @ Abbrev [12] 0x403:0xc DW_TAG_array_type
	.long	55                              @ DW_AT_type
	.byte	13                              @ Abbrev [13] 0x408:0x6 DW_TAG_subrange_type
	.long	757                             @ DW_AT_type
	.byte	3                               @ DW_AT_count
	.byte	0                               @ End Of Children Mark
	.byte	5                               @ Abbrev [5] 0x40f:0x5 DW_TAG_pointer_type
	.long	1044                            @ DW_AT_type
	.byte	6                               @ Abbrev [6] 0x414:0xc DW_TAG_typedef
	.long	1056                            @ DW_AT_type
	.long	.Linfo_string92                 @ DW_AT_name
	.byte	4                               @ DW_AT_decl_file
	.short	686                             @ DW_AT_decl_line
	.byte	15                              @ Abbrev [15] 0x420:0x158 DW_TAG_structure_type
	.byte	212                             @ DW_AT_byte_size
	.byte	4                               @ DW_AT_decl_file
	.short	658                             @ DW_AT_decl_line
	.byte	8                               @ Abbrev [8] 0x425:0xd DW_TAG_member
	.long	.Linfo_string57                 @ DW_AT_name
	.long	1400                            @ DW_AT_type
	.byte	4                               @ DW_AT_decl_file
	.short	660                             @ DW_AT_decl_line
	.byte	0                               @ DW_AT_data_member_location
	.byte	8                               @ Abbrev [8] 0x432:0xd DW_TAG_member
	.long	.Linfo_string69                 @ DW_AT_name
	.long	717                             @ DW_AT_type
	.byte	4                               @ DW_AT_decl_file
	.short	661                             @ DW_AT_decl_line
	.byte	16                              @ DW_AT_data_member_location
	.byte	8                               @ Abbrev [8] 0x43f:0xd DW_TAG_member
	.long	.Linfo_string70                 @ DW_AT_name
	.long	717                             @ DW_AT_type
	.byte	4                               @ DW_AT_decl_file
	.short	662                             @ DW_AT_decl_line
	.byte	20                              @ DW_AT_data_member_location
	.byte	8                               @ Abbrev [8] 0x44c:0xd DW_TAG_member
	.long	.Linfo_string71                 @ DW_AT_name
	.long	836                             @ DW_AT_type
	.byte	4                               @ DW_AT_decl_file
	.short	663                             @ DW_AT_decl_line
	.byte	24                              @ DW_AT_data_member_location
	.byte	8                               @ Abbrev [8] 0x459:0xd DW_TAG_member
	.long	.Linfo_string72                 @ DW_AT_name
	.long	712                             @ DW_AT_type
	.byte	4                               @ DW_AT_decl_file
	.short	664                             @ DW_AT_decl_line
	.byte	28                              @ DW_AT_data_member_location
	.byte	8                               @ Abbrev [8] 0x466:0xd DW_TAG_member
	.long	.Linfo_string73                 @ DW_AT_name
	.long	712                             @ DW_AT_type
	.byte	4                               @ DW_AT_decl_file
	.short	665                             @ DW_AT_decl_line
	.byte	32                              @ DW_AT_data_member_location
	.byte	8                               @ Abbrev [8] 0x473:0xd DW_TAG_member
	.long	.Linfo_string74                 @ DW_AT_name
	.long	717                             @ DW_AT_type
	.byte	4                               @ DW_AT_decl_file
	.short	666                             @ DW_AT_decl_line
	.byte	36                              @ DW_AT_data_member_location
	.byte	8                               @ Abbrev [8] 0x480:0xd DW_TAG_member
	.long	.Linfo_string75                 @ DW_AT_name
	.long	717                             @ DW_AT_type
	.byte	4                               @ DW_AT_decl_file
	.short	667                             @ DW_AT_decl_line
	.byte	40                              @ DW_AT_data_member_location
	.byte	8                               @ Abbrev [8] 0x48d:0xd DW_TAG_member
	.long	.Linfo_string76                 @ DW_AT_name
	.long	836                             @ DW_AT_type
	.byte	4                               @ DW_AT_decl_file
	.short	668                             @ DW_AT_decl_line
	.byte	44                              @ DW_AT_data_member_location
	.byte	8                               @ Abbrev [8] 0x49a:0xd DW_TAG_member
	.long	.Linfo_string77                 @ DW_AT_name
	.long	712                             @ DW_AT_type
	.byte	4                               @ DW_AT_decl_file
	.short	669                             @ DW_AT_decl_line
	.byte	48                              @ DW_AT_data_member_location
	.byte	8                               @ Abbrev [8] 0x4a7:0xd DW_TAG_member
	.long	.Linfo_string78                 @ DW_AT_name
	.long	717                             @ DW_AT_type
	.byte	4                               @ DW_AT_decl_file
	.short	670                             @ DW_AT_decl_line
	.byte	52                              @ DW_AT_data_member_location
	.byte	8                               @ Abbrev [8] 0x4b4:0xd DW_TAG_member
	.long	.Linfo_string79                 @ DW_AT_name
	.long	717                             @ DW_AT_type
	.byte	4                               @ DW_AT_decl_file
	.short	671                             @ DW_AT_decl_line
	.byte	56                              @ DW_AT_data_member_location
	.byte	8                               @ Abbrev [8] 0x4c1:0xd DW_TAG_member
	.long	.Linfo_string37                 @ DW_AT_name
	.long	836                             @ DW_AT_type
	.byte	4                               @ DW_AT_decl_file
	.short	672                             @ DW_AT_decl_line
	.byte	60                              @ DW_AT_data_member_location
	.byte	8                               @ Abbrev [8] 0x4ce:0xd DW_TAG_member
	.long	.Linfo_string80                 @ DW_AT_name
	.long	712                             @ DW_AT_type
	.byte	4                               @ DW_AT_decl_file
	.short	673                             @ DW_AT_decl_line
	.byte	64                              @ DW_AT_data_member_location
	.byte	8                               @ Abbrev [8] 0x4db:0xd DW_TAG_member
	.long	.Linfo_string81                 @ DW_AT_name
	.long	717                             @ DW_AT_type
	.byte	4                               @ DW_AT_decl_file
	.short	674                             @ DW_AT_decl_line
	.byte	68                              @ DW_AT_data_member_location
	.byte	8                               @ Abbrev [8] 0x4e8:0xd DW_TAG_member
	.long	.Linfo_string82                 @ DW_AT_name
	.long	717                             @ DW_AT_type
	.byte	4                               @ DW_AT_decl_file
	.short	675                             @ DW_AT_decl_line
	.byte	72                              @ DW_AT_data_member_location
	.byte	8                               @ Abbrev [8] 0x4f5:0xd DW_TAG_member
	.long	.Linfo_string39                 @ DW_AT_name
	.long	836                             @ DW_AT_type
	.byte	4                               @ DW_AT_decl_file
	.short	676                             @ DW_AT_decl_line
	.byte	76                              @ DW_AT_data_member_location
	.byte	8                               @ Abbrev [8] 0x502:0xd DW_TAG_member
	.long	.Linfo_string83                 @ DW_AT_name
	.long	1412                            @ DW_AT_type
	.byte	4                               @ DW_AT_decl_file
	.short	677                             @ DW_AT_decl_line
	.byte	80                              @ DW_AT_data_member_location
	.byte	8                               @ Abbrev [8] 0x50f:0xd DW_TAG_member
	.long	.Linfo_string84                 @ DW_AT_name
	.long	1412                            @ DW_AT_type
	.byte	4                               @ DW_AT_decl_file
	.short	678                             @ DW_AT_decl_line
	.byte	96                              @ DW_AT_data_member_location
	.byte	8                               @ Abbrev [8] 0x51c:0xd DW_TAG_member
	.long	.Linfo_string85                 @ DW_AT_name
	.long	1412                            @ DW_AT_type
	.byte	4                               @ DW_AT_decl_file
	.short	679                             @ DW_AT_decl_line
	.byte	112                             @ DW_AT_data_member_location
	.byte	8                               @ Abbrev [8] 0x529:0xd DW_TAG_member
	.long	.Linfo_string86                 @ DW_AT_name
	.long	1412                            @ DW_AT_type
	.byte	4                               @ DW_AT_decl_file
	.short	680                             @ DW_AT_decl_line
	.byte	128                             @ DW_AT_data_member_location
	.byte	8                               @ Abbrev [8] 0x536:0xd DW_TAG_member
	.long	.Linfo_string87                 @ DW_AT_name
	.long	776                             @ DW_AT_type
	.byte	4                               @ DW_AT_decl_file
	.short	681                             @ DW_AT_decl_line
	.byte	144                             @ DW_AT_data_member_location
	.byte	8                               @ Abbrev [8] 0x543:0xd DW_TAG_member
	.long	.Linfo_string88                 @ DW_AT_name
	.long	1412                            @ DW_AT_type
	.byte	4                               @ DW_AT_decl_file
	.short	682                             @ DW_AT_decl_line
	.byte	160                             @ DW_AT_data_member_location
	.byte	8                               @ Abbrev [8] 0x550:0xd DW_TAG_member
	.long	.Linfo_string89                 @ DW_AT_name
	.long	1412                            @ DW_AT_type
	.byte	4                               @ DW_AT_decl_file
	.short	683                             @ DW_AT_decl_line
	.byte	176                             @ DW_AT_data_member_location
	.byte	8                               @ Abbrev [8] 0x55d:0xd DW_TAG_member
	.long	.Linfo_string90                 @ DW_AT_name
	.long	1412                            @ DW_AT_type
	.byte	4                               @ DW_AT_decl_file
	.short	684                             @ DW_AT_decl_line
	.byte	192                             @ DW_AT_data_member_location
	.byte	8                               @ Abbrev [8] 0x56a:0xd DW_TAG_member
	.long	.Linfo_string91                 @ DW_AT_name
	.long	712                             @ DW_AT_type
	.byte	4                               @ DW_AT_decl_file
	.short	685                             @ DW_AT_decl_line
	.byte	208                             @ DW_AT_data_member_location
	.byte	0                               @ End Of Children Mark
	.byte	12                              @ Abbrev [12] 0x578:0xc DW_TAG_array_type
	.long	55                              @ DW_AT_type
	.byte	13                              @ Abbrev [13] 0x57d:0x6 DW_TAG_subrange_type
	.long	757                             @ DW_AT_type
	.byte	4                               @ DW_AT_count
	.byte	0                               @ End Of Children Mark
	.byte	12                              @ Abbrev [12] 0x584:0xc DW_TAG_array_type
	.long	717                             @ DW_AT_type
	.byte	13                              @ Abbrev [13] 0x589:0x6 DW_TAG_subrange_type
	.long	757                             @ DW_AT_type
	.byte	4                               @ DW_AT_count
	.byte	0                               @ End Of Children Mark
	.byte	5                               @ Abbrev [5] 0x590:0x5 DW_TAG_pointer_type
	.long	1429                            @ DW_AT_type
	.byte	6                               @ Abbrev [6] 0x595:0xc DW_TAG_typedef
	.long	1441                            @ DW_AT_type
	.long	.Linfo_string97                 @ DW_AT_name
	.byte	3                               @ DW_AT_decl_file
	.short	1578                            @ DW_AT_decl_line
	.byte	15                              @ Abbrev [15] 0x5a1:0x61 DW_TAG_structure_type
	.byte	28                              @ DW_AT_byte_size
	.byte	3                               @ DW_AT_decl_file
	.short	1565                            @ DW_AT_decl_line
	.byte	8                               @ Abbrev [8] 0x5a6:0xd DW_TAG_member
	.long	.Linfo_string56                 @ DW_AT_name
	.long	717                             @ DW_AT_type
	.byte	3                               @ DW_AT_decl_file
	.short	1567                            @ DW_AT_decl_line
	.byte	0                               @ DW_AT_data_member_location
	.byte	8                               @ Abbrev [8] 0x5b3:0xd DW_TAG_member
	.long	.Linfo_string93                 @ DW_AT_name
	.long	712                             @ DW_AT_type
	.byte	3                               @ DW_AT_decl_file
	.short	1568                            @ DW_AT_decl_line
	.byte	4                               @ DW_AT_data_member_location
	.byte	8                               @ Abbrev [8] 0x5c0:0xd DW_TAG_member
	.long	.Linfo_string94                 @ DW_AT_name
	.long	717                             @ DW_AT_type
	.byte	3                               @ DW_AT_decl_file
	.short	1570                            @ DW_AT_decl_line
	.byte	8                               @ DW_AT_data_member_location
	.byte	8                               @ Abbrev [8] 0x5cd:0xd DW_TAG_member
	.long	.Linfo_string95                 @ DW_AT_name
	.long	717                             @ DW_AT_type
	.byte	3                               @ DW_AT_decl_file
	.short	1571                            @ DW_AT_decl_line
	.byte	12                              @ DW_AT_data_member_location
	.byte	8                               @ Abbrev [8] 0x5da:0xd DW_TAG_member
	.long	.Linfo_string96                 @ DW_AT_name
	.long	717                             @ DW_AT_type
	.byte	3                               @ DW_AT_decl_file
	.short	1572                            @ DW_AT_decl_line
	.byte	16                              @ DW_AT_data_member_location
	.byte	8                               @ Abbrev [8] 0x5e7:0xd DW_TAG_member
	.long	.Linfo_string35                 @ DW_AT_name
	.long	717                             @ DW_AT_type
	.byte	3                               @ DW_AT_decl_file
	.short	1576                            @ DW_AT_decl_line
	.byte	20                              @ DW_AT_data_member_location
	.byte	8                               @ Abbrev [8] 0x5f4:0xd DW_TAG_member
	.long	.Linfo_string36                 @ DW_AT_name
	.long	717                             @ DW_AT_type
	.byte	3                               @ DW_AT_decl_file
	.short	1577                            @ DW_AT_decl_line
	.byte	24                              @ DW_AT_data_member_location
	.byte	0                               @ End Of Children Mark
	.byte	5                               @ Abbrev [5] 0x602:0x5 DW_TAG_pointer_type
	.long	1543                            @ DW_AT_type
	.byte	6                               @ Abbrev [6] 0x607:0xc DW_TAG_typedef
	.long	1555                            @ DW_AT_type
	.long	.Linfo_string101                @ DW_AT_name
	.byte	3                               @ DW_AT_decl_file
	.short	1660                            @ DW_AT_decl_line
	.byte	15                              @ Abbrev [15] 0x613:0x61 DW_TAG_structure_type
	.byte	28                              @ DW_AT_byte_size
	.byte	3                               @ DW_AT_decl_file
	.short	1651                            @ DW_AT_decl_line
	.byte	8                               @ Abbrev [8] 0x618:0xd DW_TAG_member
	.long	.Linfo_string57                 @ DW_AT_name
	.long	836                             @ DW_AT_type
	.byte	3                               @ DW_AT_decl_file
	.short	1653                            @ DW_AT_decl_line
	.byte	0                               @ DW_AT_data_member_location
	.byte	8                               @ Abbrev [8] 0x625:0xd DW_TAG_member
	.long	.Linfo_string98                 @ DW_AT_name
	.long	717                             @ DW_AT_type
	.byte	3                               @ DW_AT_decl_file
	.short	1654                            @ DW_AT_decl_line
	.byte	4                               @ DW_AT_data_member_location
	.byte	8                               @ Abbrev [8] 0x632:0xd DW_TAG_member
	.long	.Linfo_string99                 @ DW_AT_name
	.long	717                             @ DW_AT_type
	.byte	3                               @ DW_AT_decl_file
	.short	1655                            @ DW_AT_decl_line
	.byte	8                               @ DW_AT_data_member_location
	.byte	8                               @ Abbrev [8] 0x63f:0xd DW_TAG_member
	.long	.Linfo_string100                @ DW_AT_name
	.long	717                             @ DW_AT_type
	.byte	3                               @ DW_AT_decl_file
	.short	1656                            @ DW_AT_decl_line
	.byte	12                              @ DW_AT_data_member_location
	.byte	8                               @ Abbrev [8] 0x64c:0xd DW_TAG_member
	.long	.Linfo_string40                 @ DW_AT_name
	.long	712                             @ DW_AT_type
	.byte	3                               @ DW_AT_decl_file
	.short	1657                            @ DW_AT_decl_line
	.byte	16                              @ DW_AT_data_member_location
	.byte	8                               @ Abbrev [8] 0x659:0xd DW_TAG_member
	.long	.Linfo_string41                 @ DW_AT_name
	.long	712                             @ DW_AT_type
	.byte	3                               @ DW_AT_decl_file
	.short	1658                            @ DW_AT_decl_line
	.byte	20                              @ DW_AT_data_member_location
	.byte	8                               @ Abbrev [8] 0x666:0xd DW_TAG_member
	.long	.Linfo_string42                 @ DW_AT_name
	.long	712                             @ DW_AT_type
	.byte	3                               @ DW_AT_decl_file
	.short	1659                            @ DW_AT_decl_line
	.byte	24                              @ DW_AT_data_member_location
	.byte	0                               @ End Of Children Mark
	.byte	16                              @ Abbrev [16] 0x674:0x11 DW_TAG_subprogram
	.long	.Lfunc_begin0                   @ DW_AT_low_pc
	.long	.Lfunc_end0-.Lfunc_begin0       @ DW_AT_high_pc
	.byte	1                               @ DW_AT_frame_base
	.byte	93
	.long	.Linfo_string102                @ DW_AT_name
	.byte	2                               @ DW_AT_decl_file
	.byte	64                              @ DW_AT_decl_line
                                        @ DW_AT_prototyped
                                        @ DW_AT_external
	.byte	16                              @ Abbrev [16] 0x685:0x11 DW_TAG_subprogram
	.long	.Lfunc_begin1                   @ DW_AT_low_pc
	.long	.Lfunc_end1-.Lfunc_begin1       @ DW_AT_high_pc
	.byte	1                               @ DW_AT_frame_base
	.byte	93
	.long	.Linfo_string103                @ DW_AT_name
	.byte	2                               @ DW_AT_decl_file
	.byte	72                              @ DW_AT_decl_line
                                        @ DW_AT_prototyped
                                        @ DW_AT_external
	.byte	17                              @ Abbrev [17] 0x696:0x12 DW_TAG_subprogram
	.long	.Lfunc_begin2                   @ DW_AT_low_pc
	.long	.Lfunc_end2-.Lfunc_begin2       @ DW_AT_high_pc
	.byte	1                               @ DW_AT_frame_base
	.byte	93
	.long	.Linfo_string104                @ DW_AT_name
	.byte	5                               @ DW_AT_decl_file
	.short	546                             @ DW_AT_decl_line
                                        @ DW_AT_prototyped
	.byte	0                               @ End Of Children Mark
.Ldebug_info_end0:
	.section	.debug_ranges,"",%progbits
.Ldebug_ranges0:
	.long	.Lfunc_begin0
	.long	.Lfunc_end0
	.long	.Lfunc_begin1
	.long	.Lfunc_end1
	.long	.Lfunc_begin2
	.long	.Lfunc_end2
	.long	0
	.long	0
	.section	.debug_str,"MS",%progbits,1
.Linfo_string0:
	.asciz	"Component: Arm Compiler for Embedded 6.22 Tool: armclang [5ee92100]" @ string offset=0
.Linfo_string1:
	.asciz	"RTE/Device/IOTKit_CM33_FP\\system_IOTKit_CM33.c" @ string offset=68
.Linfo_string2:
	.asciz	"P:\\Workspace\\Git\\MTB_CFA\\IOTKit_CM33_S_NS\\IOTKit_CM33_s" @ string offset=115
.Linfo_string3:
	.asciz	"SystemCoreClock"               @ string offset=171
.Linfo_string4:
	.asciz	"unsigned int"                  @ string offset=187
.Linfo_string5:
	.asciz	"uint32_t"                      @ string offset=200
.Linfo_string6:
	.asciz	"CPUID"                         @ string offset=209
.Linfo_string7:
	.asciz	"ICSR"                          @ string offset=215
.Linfo_string8:
	.asciz	"VTOR"                          @ string offset=220
.Linfo_string9:
	.asciz	"AIRCR"                         @ string offset=225
.Linfo_string10:
	.asciz	"SCR"                           @ string offset=231
.Linfo_string11:
	.asciz	"CCR"                           @ string offset=235
.Linfo_string12:
	.asciz	"SHPR"                          @ string offset=239
.Linfo_string13:
	.asciz	"unsigned char"                 @ string offset=244
.Linfo_string14:
	.asciz	"uint8_t"                       @ string offset=258
.Linfo_string15:
	.asciz	"__ARRAY_SIZE_TYPE__"           @ string offset=266
.Linfo_string16:
	.asciz	"SHCSR"                         @ string offset=286
.Linfo_string17:
	.asciz	"CFSR"                          @ string offset=292
.Linfo_string18:
	.asciz	"HFSR"                          @ string offset=297
.Linfo_string19:
	.asciz	"DFSR"                          @ string offset=302
.Linfo_string20:
	.asciz	"MMFAR"                         @ string offset=307
.Linfo_string21:
	.asciz	"BFAR"                          @ string offset=313
.Linfo_string22:
	.asciz	"AFSR"                          @ string offset=318
.Linfo_string23:
	.asciz	"ID_PFR"                        @ string offset=323
.Linfo_string24:
	.asciz	"ID_DFR"                        @ string offset=330
.Linfo_string25:
	.asciz	"ID_AFR"                        @ string offset=337
.Linfo_string26:
	.asciz	"ID_MMFR"                       @ string offset=344
.Linfo_string27:
	.asciz	"ID_ISAR"                       @ string offset=352
.Linfo_string28:
	.asciz	"CLIDR"                         @ string offset=360
.Linfo_string29:
	.asciz	"CTR"                           @ string offset=366
.Linfo_string30:
	.asciz	"CCSIDR"                        @ string offset=370
.Linfo_string31:
	.asciz	"CSSELR"                        @ string offset=377
.Linfo_string32:
	.asciz	"CPACR"                         @ string offset=384
.Linfo_string33:
	.asciz	"NSACR"                         @ string offset=390
.Linfo_string34:
	.asciz	"RESERVED7"                     @ string offset=396
.Linfo_string35:
	.asciz	"SFSR"                          @ string offset=406
.Linfo_string36:
	.asciz	"SFAR"                          @ string offset=411
.Linfo_string37:
	.asciz	"RESERVED3"                     @ string offset=416
.Linfo_string38:
	.asciz	"STIR"                          @ string offset=426
.Linfo_string39:
	.asciz	"RESERVED4"                     @ string offset=431
.Linfo_string40:
	.asciz	"MVFR0"                         @ string offset=441
.Linfo_string41:
	.asciz	"MVFR1"                         @ string offset=447
.Linfo_string42:
	.asciz	"MVFR2"                         @ string offset=453
.Linfo_string43:
	.asciz	"RESERVED5"                     @ string offset=459
.Linfo_string44:
	.asciz	"ICIALLU"                       @ string offset=469
.Linfo_string45:
	.asciz	"RESERVED6"                     @ string offset=477
.Linfo_string46:
	.asciz	"ICIMVAU"                       @ string offset=487
.Linfo_string47:
	.asciz	"DCIMVAC"                       @ string offset=495
.Linfo_string48:
	.asciz	"DCISW"                         @ string offset=503
.Linfo_string49:
	.asciz	"DCCMVAU"                       @ string offset=509
.Linfo_string50:
	.asciz	"DCCMVAC"                       @ string offset=517
.Linfo_string51:
	.asciz	"DCCSW"                         @ string offset=525
.Linfo_string52:
	.asciz	"DCCIMVAC"                      @ string offset=531
.Linfo_string53:
	.asciz	"DCCISW"                        @ string offset=540
.Linfo_string54:
	.asciz	"BPIALL"                        @ string offset=547
.Linfo_string55:
	.asciz	"SCB_Type"                      @ string offset=554
.Linfo_string56:
	.asciz	"CTRL"                          @ string offset=563
.Linfo_string57:
	.asciz	"RESERVED0"                     @ string offset=568
.Linfo_string58:
	.asciz	"BLK_MAX"                       @ string offset=578
.Linfo_string59:
	.asciz	"BLK_CFG"                       @ string offset=586
.Linfo_string60:
	.asciz	"BLK_IDX"                       @ string offset=594
.Linfo_string61:
	.asciz	"BLK_LUT"                       @ string offset=602
.Linfo_string62:
	.asciz	"INT_STAT"                      @ string offset=610
.Linfo_string63:
	.asciz	"INT_CLEAR"                     @ string offset=619
.Linfo_string64:
	.asciz	"INT_EN"                        @ string offset=629
.Linfo_string65:
	.asciz	"INT_INFO1"                     @ string offset=636
.Linfo_string66:
	.asciz	"INT_INFO2"                     @ string offset=646
.Linfo_string67:
	.asciz	"INT_SET"                       @ string offset=656
.Linfo_string68:
	.asciz	"IOTKIT_MPC_TypeDef"            @ string offset=664
.Linfo_string69:
	.asciz	"SECRESPCFG"                    @ string offset=683
.Linfo_string70:
	.asciz	"NSCCFG"                        @ string offset=694
.Linfo_string71:
	.asciz	"RESERVED1"                     @ string offset=701
.Linfo_string72:
	.asciz	"SECMPCINTSTATUS"               @ string offset=711
.Linfo_string73:
	.asciz	"SECPPCINTSTAT"                 @ string offset=727
.Linfo_string74:
	.asciz	"SECPPCINTCLR"                  @ string offset=741
.Linfo_string75:
	.asciz	"SECPPCINTEN"                   @ string offset=754
.Linfo_string76:
	.asciz	"RESERVED2"                     @ string offset=766
.Linfo_string77:
	.asciz	"SECMSCINTSTAT"                 @ string offset=776
.Linfo_string78:
	.asciz	"SECMSCINTCLR"                  @ string offset=790
.Linfo_string79:
	.asciz	"SECMSCINTEN"                   @ string offset=803
.Linfo_string80:
	.asciz	"BRGINTSTAT"                    @ string offset=815
.Linfo_string81:
	.asciz	"BRGINTCLR"                     @ string offset=826
.Linfo_string82:
	.asciz	"BRGINTEN"                      @ string offset=836
.Linfo_string83:
	.asciz	"AHBNSPPC"                      @ string offset=845
.Linfo_string84:
	.asciz	"AHBNSPPCEXP"                   @ string offset=854
.Linfo_string85:
	.asciz	"APBNSPPC"                      @ string offset=866
.Linfo_string86:
	.asciz	"APBNSPPCEXP"                   @ string offset=875
.Linfo_string87:
	.asciz	"AHBSPPPC"                      @ string offset=887
.Linfo_string88:
	.asciz	"AHBSPPPCEXP"                   @ string offset=896
.Linfo_string89:
	.asciz	"APBSPPPC"                      @ string offset=908
.Linfo_string90:
	.asciz	"APBSPPPCEXP"                   @ string offset=917
.Linfo_string91:
	.asciz	"NSMSCEXP"                      @ string offset=929
.Linfo_string92:
	.asciz	"IOTKIT_SPC_TypeDef"            @ string offset=938
.Linfo_string93:
	.asciz	"TYPE"                          @ string offset=957
.Linfo_string94:
	.asciz	"RNR"                           @ string offset=962
.Linfo_string95:
	.asciz	"RBAR"                          @ string offset=966
.Linfo_string96:
	.asciz	"RLAR"                          @ string offset=971
.Linfo_string97:
	.asciz	"SAU_Type"                      @ string offset=976
.Linfo_string98:
	.asciz	"FPCCR"                         @ string offset=985
.Linfo_string99:
	.asciz	"FPCAR"                         @ string offset=991
.Linfo_string100:
	.asciz	"FPDSCR"                        @ string offset=997
.Linfo_string101:
	.asciz	"FPU_Type"                      @ string offset=1004
.Linfo_string102:
	.asciz	"SystemCoreClockUpdate"         @ string offset=1013
.Linfo_string103:
	.asciz	"SystemInit"                    @ string offset=1035
.Linfo_string104:
	.asciz	"TZ_SAU_Setup"                  @ string offset=1046
	.ident	"Component: Arm Compiler for Embedded 6.22 Tool: armclang [5ee92100]"
	.section	".note.GNU-stack","",%progbits
	.eabi_attribute	30, 6	@ Tag_ABI_optimization_goals
	.ARM_attribute	16, 1	@ Tag_AV_eba
	.section	.debug_line,"",%progbits
.Lline_table_start0:
